Component: ARM Compiler 5.06 update 5 (build 528) Tool: armlink [4d35e2]

==============================================================================

Section Cross References

    stm32f10x_it.o(.text) refers to usart.o(.text) for UsartPrintf
    system_stm32f10x.o(.text) refers to system_stm32f10x.o(.data) for SystemCoreClock
    startup_stm32f10x_md.o(STACK) refers (Special) to heapauxi.o(.text) for __use_two_region_memory
    startup_stm32f10x_md.o(HEAP) refers (Special) to heapauxi.o(.text) for __use_two_region_memory
    startup_stm32f10x_md.o(RESET) refers (Special) to heapauxi.o(.text) for __use_two_region_memory
    startup_stm32f10x_md.o(RESET) refers to startup_stm32f10x_md.o(STACK) for __initial_sp
    startup_stm32f10x_md.o(RESET) refers to startup_stm32f10x_md.o(.text) for Reset_Handler
    startup_stm32f10x_md.o(RESET) refers to stm32f10x_it.o(.text) for NMI_Handler
    startup_stm32f10x_md.o(RESET) refers to main.o(.text) for SysTick_Handler
    startup_stm32f10x_md.o(RESET) refers to key.o(.text) for EXTI1_IRQHandler
    startup_stm32f10x_md.o(RESET) refers to usart.o(.text) for USART1_IRQHandler
    startup_stm32f10x_md.o(RESET) refers to esp8266.o(.text) for USART2_IRQHandler
    startup_stm32f10x_md.o(.text) refers (Special) to heapauxi.o(.text) for __use_two_region_memory
    startup_stm32f10x_md.o(.text) refers to system_stm32f10x.o(.text) for SystemInit
    startup_stm32f10x_md.o(.text) refers to __main.o(!!!main) for __main
    startup_stm32f10x_md.o(.text) refers to startup_stm32f10x_md.o(HEAP) for Heap_Mem
    startup_stm32f10x_md.o(.text) refers to startup_stm32f10x_md.o(STACK) for Stack_Mem
    stm32f10x_gpio.o(.text) refers to stm32f10x_rcc.o(.text) for RCC_APB2PeriphResetCmd
    stm32f10x_usart.o(.text) refers to stm32f10x_rcc.o(.text) for RCC_APB2PeriphResetCmd
    stm32f10x_adc.o(.text) refers to stm32f10x_rcc.o(.text) for RCC_APB2PeriphResetCmd
    stm32f10x_tim.o(.text) refers to stm32f10x_rcc.o(.text) for RCC_APB2PeriphResetCmd
    stm32f10x_rcc.o(.text) refers to stm32f10x_rcc.o(.data) for APBAHBPrescTable
    delay.o(.text) refers to delay.o(.data) for UsCount
    usart.o(.text) refers to stm32f10x_rcc.o(.text) for RCC_APB2PeriphClockCmd
    usart.o(.text) refers to stm32f10x_gpio.o(.text) for GPIO_Init
    usart.o(.text) refers to stm32f10x_usart.o(.text) for USART_Init
    usart.o(.text) refers to misc.o(.text) for NVIC_Init
    usart.o(.text) refers to vsnprintf.o(.text) for vsnprintf
    led.o(.text) refers to stm32f10x_gpio.o(.text) for GPIO_WriteBit
    led.o(.text) refers to stm32f10x_rcc.o(.text) for RCC_APB2PeriphClockCmd
    led.o(.text) refers to led.o(.data) for Led_info
    key.o(.text) refers to stm32f10x_rcc.o(.text) for RCC_APB2PeriphClockCmd
    key.o(.text) refers to stm32f10x_gpio.o(.text) for GPIO_Init
    key.o(.text) refers to stm32f10x_exti.o(.text) for EXTI_Init
    key.o(.text) refers to misc.o(.text) for NVIC_Init
    key.o(.text) refers to delay.o(.text) for DelayMs
    key.o(.text) refers to led.o(.text) for Led_Set
    key.o(.text) refers to led.o(.data) for Led_info
    dht11.o(.text) refers to stm32f10x_gpio.o(.text) for GPIO_WriteBit
    dht11.o(.text) refers to delay.o(.text) for DelayMs
    dht11.o(.text) refers to stm32f10x_rcc.o(.text) for RCC_APB2PeriphClockCmd
    oled.o(.text) refers to stm32f10x_gpio.o(.text) for GPIO_WriteBit
    oled.o(.text) refers to stm32f10x_rcc.o(.text) for RCC_APB2PeriphClockCmd
    oled.o(.text) refers to oled.o(.bss) for OLED_DisplayBuf
    oled.o(.text) refers to drleqf.o(x$fpl$drleqf) for __aeabi_cdrcmple
    oled.o(.text) refers to dfixu.o(x$fpl$dfixu) for __aeabi_d2uiz
    oled.o(.text) refers to dflt_clz.o(x$fpl$dfltu) for __aeabi_ui2d
    oled.o(.text) refers to daddsub_clz.o(x$fpl$drsb) for __aeabi_drsub
    oled.o(.text) refers to dmul.o(x$fpl$dmul) for __aeabi_dmul
    oled.o(.text) refers to round.o(i.round) for round
    oled.o(.text) refers to strcmpv7m.o(.text) for strcmp
    oled.o(.text) refers to vsprintf.o(.text) for vsprintf
    oled.o(.text) refers to oled_data.o(.constdata) for OLED_F8x16
    mq2.o(.text) refers to stm32f10x_rcc.o(.text) for RCC_APB2PeriphClockCmd
    mq2.o(.text) refers to stm32f10x_gpio.o(.text) for GPIO_Init
    mq2.o(.text) refers to adcx.o(.text) for ADCx_Init
    mq2.o(.text) refers to delay.o(.text) for DelayMs
    mq2.o(.text) refers to fflt_clz.o(x$fpl$ffltu) for __aeabi_ui2f
    mq2.o(.text) refers to faddsub_clz.o(x$fpl$fadd) for __aeabi_fadd
    mq2.o(.text) refers to fdiv.o(x$fpl$fdiv) for __aeabi_fdiv
    mq2.o(.text) refers to fmul.o(x$fpl$fmul) for __aeabi_fmul
    mq2.o(.text) refers to f2d.o(x$fpl$f2d) for __aeabi_f2d
    mq2.o(.text) refers to dmul.o(x$fpl$dmul) for __aeabi_dmul
    mq2.o(.text) refers to faddsub_clz.o(x$fpl$fsub) for __aeabi_fsub
    mq2.o(.text) refers to ddiv.o(x$fpl$ddiv) for __aeabi_ddiv
    mq2.o(.text) refers to d2f.o(x$fpl$d2f) for __aeabi_d2f
    mq2.o(.text) refers to pow.o(i.pow) for pow
[...]
    OLED_Printf                              0x080030ff   Thumb Code    50  oled.o(.text)
    MQ2_Init                                 0x08003145   Thumb Code    36  mq2.o(.text)
    MQ2_ADC_Read                             0x08003169   Thumb Code    12  mq2.o(.text)
    MQ2_GetData                              0x08003175   Thumb Code    38  mq2.o(.text)
    MQ2_GetData_PPM                          0x0800319b   Thumb Code   218  mq2.o(.text)
    Buzzer_Init                              0x08003295   Thumb Code    46  buzzer.o(.text)
    Buzzer_Stop                              0x080032c3   Thumb Code    18  buzzer.o(.text)
    Buzzer_Single                            0x080032d5   Thumb Code    14  buzzer.o(.text)
    Buzzer_Double                            0x080032e3   Thumb Code    14  buzzer.o(.text)
    Buzzer_loog                              0x080032f1   Thumb Code    14  buzzer.o(.text)
    Buzzer_Process                           0x080032ff   Thumb Code   260  buzzer.o(.text)
    ADCx_Init                                0x08003411   Thumb Code   104  adcx.o(.text)
    ADC_GetValue                             0x08003479   Thumb Code    48  adcx.o(.text)
    Servo_Init                               0x080034ad   Thumb Code     8  servo.o(.text)
    Servo_SetAngle                           0x080034b5   Thumb Code    48  servo.o(.text)
    Door_Status                              0x080034e5   Thumb Code    36  servo.o(.text)
    PWM_Init                                 0x0800351d   Thumb Code   146  pwm.o(.text)
    PWM_SetCompare1                          0x080035af   Thumb Code    14  pwm.o(.text)
    PWM_SetCompare2                          0x080035bd   Thumb Code    14  pwm.o(.text)
    PWM1_Init                                0x080035cb   Thumb Code   164  pwm.o(.text)
    PWM1_SetCompare1                         0x0800366f   Thumb Code    14  pwm.o(.text)
    Motor_Init                               0x08003689   Thumb Code    44  motor.o(.text)
    curtains_set                             0x080036b5   Thumb Code   100  motor.o(.text)
    fan_set                                  0x08003719   Thumb Code   116  motor.o(.text)
    LightSensor_Init                         0x08003799   Thumb Code    46  lightsensor.o(.text)
    LightSensor_Get                          0x080037c7   Thumb Code    14  lightsensor.o(.text)
    MFRC522_Init                             0x080037dd   Thumb Code   154  mfrc522.o(.text)
    Read_MFRC522                             0x08003877   Thumb Code   230  mfrc522.o(.text)
    Write_MFRC522                            0x0800395d   Thumb Code   234  mfrc522.o(.text)
    MFRC522_Reset                            0x08003a47   Thumb Code   126  mfrc522.o(.text)
    SetBitMask                               0x08003ac5   Thumb Code    28  mfrc522.o(.text)
    ClearBitMask                             0x08003ae1   Thumb Code    28  mfrc522.o(.text)
    MFRC522_ToCard                           0x08003afd   Thumb Code   322  mfrc522.o(.text)
    MFRC522_AntennaOn                        0x08003c3f   Thumb Code    26  mfrc522.o(.text)
    MFRC522_AntennaOff                       0x08003c59   Thumb Code    12  mfrc522.o(.text)
    CalulateCRC                              0x08003c65   Thumb Code   108  mfrc522.o(.text)
    MFRC522_Halt                             0x08003cd1   Thumb Code    52  mfrc522.o(.text)
    MFRC522_Request                          0x08003d05   Thumb Code    86  mfrc522.o(.text)
    MFRC522_Anticoll                         0x08003d5b   Thumb Code   114  mfrc522.o(.text)
    MFRC522_SelectTag                        0x08003dcd   Thumb Code   114  mfrc522.o(.text)
    MFRC522_AuthState                        0x08003e3f   Thumb Code   112  mfrc522.o(.text)
    MFRC522_Read                             0x08003eaf   Thumb Code    86  mfrc522.o(.text)
    MFRC522_Write                            0x08003f05   Thumb Code   152  mfrc522.o(.text)
    KEY_Init                                 0x08003f9d   Thumb Code    70  key1.o(.text)
    KEY_Scan                                 0x08003fe3   Thumb Code   286  key1.o(.text)
    KEY_GetShort                             0x08004101   Thumb Code    32  key1.o(.text)
    KEY_GetLong                              0x08004121   Thumb Code    32  key1.o(.text)
    SysTick_Handler                          0x08004151   Thumb Code    12  main.o(.text)
    millis                                   0x0800415d   Thumb Code     6  main.o(.text)
    Refresh_Data                             0x08004163   Thumb Code   256  main.o(.text)
    Card_Check                               0x08004263   Thumb Code    44  main.o(.text)
    Card_Add                                 0x0800428f   Thumb Code    52  main.o(.text)
    Dispaly_Init                             0x080042c3   Thumb Code   162  main.o(.text)
    Hardware_Init                            0x08004365   Thumb Code   108  main.o(.text)
    main                                     0x080043d1   Thumb Code  1398  main.o(.text)
    float_to_str                             0x08004985   Thumb Code    34  onenet.o(.text)
    OneNET_RegisterDevice                    0x08004bb9   Thumb Code   216  onenet.o(.text)
    OneNet_DevLink                           0x08004c91   Thumb Code   876  onenet.o(.text)
    OneNet_FillBuf                           0x08004ffd   Thumb Code   250  onenet.o(.text)
    OneNet_SendData                          0x080050f7   Thumb Code   102  onenet.o(.text)
    OneNET_Publish                           0x0800515d   Thumb Code    86  onenet.o(.text)
    OneNET_Subscribe                         0x080051b3   Thumb Code    86  onenet.o(.text)
    OneNet_RevPro                            0x08005209   Thumb Code   958  onenet.o(.text)
    ft                                       0x08005605   Thumb Code    76  hmac_sha1.o(.text)
    k                                        0x08005651   Thumb Code    34  hmac_sha1.o(.text)
    rotr                                     0x08005673   Thumb Code    40  hmac_sha1.o(.text)
    rotl                                     0x0800569b   Thumb Code    46  hmac_sha1.o(.text)
    sha1                                     0x080056c9   Thumb Code   632  hmac_sha1.o(.text)
    hmac_sha1                                0x08005941   Thumb Code   330  hmac_sha1.o(.text)
    BASE64_Encode                            0x08005a8d   Thumb Code   320  base64.o(.text)
    BASE64_Decode                            0x08005bcd   Thumb Code   360  base64.o(.text)
    MQTT_NewBuffer                           0x08005d3d   Thumb Code    88  mqttkit.o(.text)
    MQTT_DeleteBuffer                        0x08005d95   Thumb Code    28  mqttkit.o(.text)
    MQTT_DumpLength                          0x08005db1   Thumb Code    46  mqttkit.o(.text)
    MQTT_ReadLength                          0x08005ddf   Thumb Code    70  mqttkit.o(.text)
    MQTT_UnPacketRecv                        0x08005e25   Thumb Code   106  mqttkit.o(.text)
    MQTT_PacketConnect                       0x08005e8f   Thumb Code   666  mqttkit.o(.text)
    MQTT_PacketDisConnect                    0x08006129   Thumb Code    48  mqttkit.o(.text)
    MQTT_UnPacketConnectAck                  0x08006159   Thumb Code    30  mqttkit.o(.text)
    MQTT_PacketPublish                       0x08006177   Thumb Code   452  mqttkit.o(.text)
    MQTT_PacketSaveData                      0x0800633b   Thumb Code    70  mqttkit.o(.text)
    MQTT_PacketSaveBinData                   0x08006381   Thumb Code   192  mqttkit.o(.text)
    MQTT_UnPacketCmd                         0x08006441   Thumb Code   140  mqttkit.o(.text)
    MQTT_PacketCmdResp                       0x080064cd   Thumb Code   132  mqttkit.o(.text)
    MQTT_PacketSubscribe                     0x08006551   Thumb Code   254  mqttkit.o(.text)
    MQTT_UnPacketSubscribe                   0x0800664f   Thumb Code    52  mqttkit.o(.text)
    MQTT_PacketUnSubscribe                   0x08006683   Thumb Code   298  mqttkit.o(.text)
    MQTT_UnPacketUnSubscribe                 0x080067ad   Thumb Code    18  mqttkit.o(.text)
    MQTT_UnPacketPublish                     0x080067bf   Thumb Code   440  mqttkit.o(.text)
    MQTT_PacketPublishAck                    0x08006977   Thumb Code    72  mqttkit.o(.text)
    MQTT_UnPacketPublishAck                  0x080069bf   Thumb Code    30  mqttkit.o(.text)
    MQTT_PacketPublishRec                    0x080069dd   Thumb Code    72  mqttkit.o(.text)
    MQTT_UnPacketPublishRec                  0x08006a25   Thumb Code    30  mqttkit.o(.text)
    MQTT_PacketPublishRel                    0x08006a43   Thumb Code    72  mqttkit.o(.text)
    MQTT_UnPacketPublishRel                  0x08006a8b   Thumb Code    36  mqttkit.o(.text)
    MQTT_PacketPublishComp                   0x08006aaf   Thumb Code    72  mqttkit.o(.text)
    MQTT_UnPacketPublishComp                 0x08006af7   Thumb Code    30  mqttkit.o(.text)
    MQTT_PacketPing                          0x08006b15   Thumb Code    48  mqttkit.o(.text)
    ESP8266_Clear                            0x08006b45   Thumb Code    20  esp8266.o(.text)
    ESP8266_WaitRecive                       0x08006b59   Thumb Code    42  esp8266.o(.text)
    ESP8266_SendCmd                          0x08006b83   Thumb Code    76  esp8266.o(.text)
    ESP8266_SendData                         0x08006bcf   Thumb Code    46  esp8266.o(.text)
    ESP8266_GetIPD                           0x08006bfd   Thumb Code    68  esp8266.o(.text)
    ESP8266_Init                             0x08006c41   Thumb Code   232  esp8266.o(.text)
    USART2_IRQHandler                        0x08006d29   Thumb Code    64  esp8266.o(.text)
    cJSON_GetErrorPtr                        0x08006e75   Thumb Code    12  cjson.o(.text)
    cJSON_IsString                           0x08006e81   Thumb Code    22  cjson.o(.text)
    cJSON_GetStringValue                     0x08006e97   Thumb Code    20  cjson.o(.text)
    cJSON_IsNumber                           0x08006eab   Thumb Code    22  cjson.o(.text)
    cJSON_GetNumberValue                     0x08006ec1   Thumb Code    24  cjson.o(.text)
    cJSON_Version                            0x08006ed9   Thumb Code    22  cjson.o(.text)
    cJSON_InitHooks                          0x08006f6f   Thumb Code    82  cjson.o(.text)
    cJSON_Delete                             0x08006fdb   Thumb Code    84  cjson.o(.text)
    cJSON_SetNumberHelper                    0x0800715d   Thumb Code    72  cjson.o(.text)
    cJSON_free                               0x080071a5   Thumb Code    14  cjson.o(.text)
    cJSON_SetValuestring                     0x080071b3   Thumb Code    94  cjson.o(.text)
    cJSON_ParseWithLengthOpts                0x08007d3d   Thumb Code   204  cjson.o(.text)
    cJSON_ParseWithOpts                      0x08007e09   Thumb Code    40  cjson.o(.text)
    cJSON_Parse                              0x08007e31   Thumb Code    16  cjson.o(.text)
    cJSON_ParseWithLength                    0x08007e41   Thumb Code    20  cjson.o(.text)
    cJSON_Print                              0x08008239   Thumb Code    16  cjson.o(.text)
    cJSON_PrintUnformatted                   0x08008249   Thumb Code    16  cjson.o(.text)
    cJSON_PrintBuffered                      0x08008259   Thumb Code    90  cjson.o(.text)
    cJSON_PrintPreallocated                  0x080082b3   Thumb Code    64  cjson.o(.text)
    cJSON_GetArraySize                       0x080082f3   Thumb Code    28  cjson.o(.text)
    cJSON_GetArrayItem                       0x0800832d   Thumb Code    24  cjson.o(.text)
    cJSON_GetObjectItem                      0x08008397   Thumb Code    18  cjson.o(.text)
    cJSON_GetObjectItemCaseSensitive         0x080083a9   Thumb Code    18  cjson.o(.text)
    cJSON_HasObjectItem                      0x080083bb   Thumb Code    24  cjson.o(.text)
    cJSON_AddItemToArray                     0x08008463   Thumb Code    16  cjson.o(.text)
    cJSON_AddItemToObject                    0x080084ef   Thumb Code    26  cjson.o(.text)
    cJSON_AddItemToObjectCS                  0x08008509   Thumb Code    26  cjson.o(.text)
    cJSON_AddItemReferenceToArray            0x08008523   Thumb Code    32  cjson.o(.text)
    cJSON_AddItemReferenceToObject           0x08008543   Thumb Code    44  cjson.o(.text)
    cJSON_CreateNull                         0x0800856f   Thumb Code    20  cjson.o(.text)
    cJSON_AddNullToObject                    0x08008583   Thumb Code    44  cjson.o(.text)
    cJSON_CreateTrue                         0x080085af   Thumb Code    20  cjson.o(.text)
    cJSON_AddTrueToObject                    0x080085c3   Thumb Code    44  cjson.o(.text)
    cJSON_CreateFalse                        0x080085ef   Thumb Code    20  cjson.o(.text)
    cJSON_AddFalseToObject                   0x08008603   Thumb Code    48  cjson.o(.text)
    cJSON_CreateBool                         0x08008633   Thumb Code    28  cjson.o(.text)
    cJSON_AddBoolToObject                    0x0800864f   Thumb Code    48  cjson.o(.text)
    cJSON_CreateNumber                       0x0800867f   Thumb Code    82  cjson.o(.text)
    cJSON_AddNumberToObject                  0x080086d1   Thumb Code    56  cjson.o(.text)
    cJSON_CreateString                       0x08008709   Thumb Code    46  cjson.o(.text)
    cJSON_AddStringToObject                  0x08008737   Thumb Code    48  cjson.o(.text)
    cJSON_CreateRaw                          0x08008767   Thumb Code    46  cjson.o(.text)
    cJSON_AddRawToObject                     0x08008795   Thumb Code    48  cjson.o(.text)
    cJSON_CreateObject                       0x080087c5   Thumb Code    20  cjson.o(.text)
    cJSON_AddObjectToObject                  0x080087d9   Thumb Code    44  cjson.o(.text)
    cJSON_CreateArray                        0x08008805   Thumb Code    20  cjson.o(.text)
    cJSON_AddArrayToObject                   0x08008819   Thumb Code    44  cjson.o(.text)
    cJSON_DetachItemViaPointer               0x08008845   Thumb Code    64  cjson.o(.text)
    cJSON_DetachItemFromArray                0x08008885   Thumb Code    34  cjson.o(.text)
    cJSON_DeleteItemFromArray                0x080088a7   Thumb Code    22  cjson.o(.text)
    cJSON_DetachItemFromObject               0x080088bd   Thumb Code    26  cjson.o(.text)
    cJSON_DetachItemFromObjectCaseSensitive  0x080088d7   Thumb Code    26  cjson.o(.text)
    cJSON_DeleteItemFromObject               0x080088f1   Thumb Code    22  cjson.o(.text)
    cJSON_DeleteItemFromObjectCaseSensitive  0x08008907   Thumb Code    22  cjson.o(.text)
    cJSON_InsertItemInArray                  0x0800891d   Thumb Code    70  cjson.o(.text)
    cJSON_ReplaceItemViaPointer              0x08008963   Thumb Code    96  cjson.o(.text)
    cJSON_ReplaceItemInArray                 0x080089c3   Thumb Code    42  cjson.o(.text)
    cJSON_ReplaceItemInObject                0x08008a53   Thumb Code    22  cjson.o(.text)
    cJSON_ReplaceItemInObjectCaseSensitive   0x08008a69   Thumb Code    22  cjson.o(.text)
    cJSON_CreateStringReference              0x08008a7f   Thumb Code    32  cjson.o(.text)
    cJSON_CreateObjectReference              0x08008a9f   Thumb Code    32  cjson.o(.text)
    cJSON_CreateArrayReference               0x08008abf   Thumb Code    32  cjson.o(.text)
    cJSON_CreateIntArray                     0x08008adf   Thumb Code   102  cjson.o(.text)
    cJSON_CreateFloatArray                   0x08008b45   Thumb Code   102  cjson.o(.text)
    cJSON_CreateDoubleArray                  0x08008bab   Thumb Code   100  cjson.o(.text)
    cJSON_CreateStringArray                  0x08008c0f   Thumb Code    94  cjson.o(.text)
    cJSON_Duplicate                          0x08008c6d   Thumb Code   178  cjson.o(.text)
    cJSON_Minify                             0x08008def   Thumb Code   158  cjson.o(.text)
    cJSON_IsInvalid                          0x08008e8d   Thumb Code    20  cjson.o(.text)
    cJSON_IsFalse                            0x08008ea1   Thumb Code    20  cjson.o(.text)
    cJSON_IsTrue                             0x08008eb5   Thumb Code    22  cjson.o(.text)
    cJSON_IsBool                             0x08008ecb   Thumb Code    24  cjson.o(.text)
    cJSON_IsNull                             0x08008ee3   Thumb Code    22  cjson.o(.text)
    cJSON_IsArray                            0x08008ef9   Thumb Code    22  cjson.o(.text)
    cJSON_IsObject                           0x08008f0f   Thumb Code    22  cjson.o(.text)
    cJSON_IsRaw                              0x08008f25   Thumb Code    22  cjson.o(.text)
    cJSON_Compare                            0x08008f3b   Thumb Code   392  cjson.o(.text)
    cJSON_malloc                             0x080090c3   Thumb Code    14  cjson.o(.text)
    malloc                                   0x080090d5   Thumb Code    94  h1_alloc.o(.text)
    free                                     0x08009133   Thumb Code    78  h1_free.o(.text)
    realloc                                  0x08009181   Thumb Code   184  h1_realloc.o(.text)
    tolower                                  0x08009239   Thumb Code    26  tolower.o(.text)
    vsprintf                                 0x08009255   Thumb Code    32  vsprintf.o(.text)
    vsnprintf                                0x08009279   Thumb Code    48  vsnprintf.o(.text)
    __2sprintf                               0x080092ad   Thumb Code    38  __2sprintf.o(.text)
    __2snprintf                              0x080092d9   Thumb Code    50  __2snprintf.o(.text)
    _printf_pre_padding                      0x08009311   Thumb Code    44  _printf_pad.o(.text)
    _printf_post_padding                     0x0800933d   Thumb Code    34  _printf_pad.o(.text)
    _printf_str                              0x0800935f   Thumb Code    82  _printf_str.o(.text)
    _printf_int_dec                          0x080093b1   Thumb Code   104  _printf_dec.o(.text)
    _printf_longlong_hex                     0x08009429   Thumb Code    86  _printf_hex_int_ll_ptr.o(.text)
    _printf_int_hex                          0x0800947f   Thumb Code    28  _printf_hex_int_ll_ptr.o(.text)
    _printf_ll_hex                           0x0800949b   Thumb Code    12  _printf_hex_int_ll_ptr.o(.text)
    _printf_hex_ptr                          0x080094a7   Thumb Code    18  _printf_hex_int_ll_ptr.o(.text)
    __printf                                 0x080094bd   Thumb Code   388  __printf_flags_ss_wp.o(.text)
    __0sscanf                                0x08009645   Thumb Code    52  __0sscanf.o(.text)
    _scanf_int                               0x08009681   Thumb Code   332  _scanf_int.o(.text)
    _scanf_string                            0x080097cd   Thumb Code   224  _scanf_str.o(.text)
    strchr                                   0x080098ad   Thumb Code    20  strchr.o(.text)
    strncat                                  0x080098c1   Thumb Code    36  strncat.o(.text)
    strstr                                   0x080098e5   Thumb Code    36  strstr.o(.text)
    memcmp                                   0x08009909   Thumb Code    88  memcmp.o(.text)
    strcpy                                   0x08009961   Thumb Code    72  strcpy.o(.text)
    strlen                                   0x080099a9   Thumb Code    62  strlen.o(.text)
    strncmp                                  0x080099e7   Thumb Code   150  strncmp.o(.text)
    strcat                                   0x08009a7d   Thumb Code    24  strcat.o(.text)
    __aeabi_memcpy                           0x08009a95   Thumb Code     0  rt_memcpy_v6.o(.text)
    __rt_memcpy                              0x08009a95   Thumb Code   138  rt_memcpy_v6.o(.text)
    _memcpy_lastbytes                        0x08009afb   Thumb Code     0  rt_memcpy_v6.o(.text)
    __aeabi_memcpy4                          0x08009b1f   Thumb Code     0  rt_memcpy_w.o(.text)
    __aeabi_memcpy8                          0x08009b1f   Thumb Code     0  rt_memcpy_w.o(.text)
    __rt_memcpy_w                            0x08009b1f   Thumb Code   100  rt_memcpy_w.o(.text)
    _memcpy_lastbytes_aligned                0x08009b67   Thumb Code     0  rt_memcpy_w.o(.text)
    __aeabi_memclr                           0x08009b83   Thumb Code     0  rt_memclr.o(.text)
    __rt_memclr                              0x08009b83   Thumb Code    68  rt_memclr.o(.text)
    _memset                                  0x08009b87   Thumb Code     0  rt_memclr.o(.text)
    __aeabi_memclr4                          0x08009bc7   Thumb Code     0  rt_memclr_w.o(.text)
    __aeabi_memclr8                          0x08009bc7   Thumb Code     0  rt_memclr_w.o(.text)
    __rt_memclr_w                            0x08009bc7   Thumb Code    78  rt_memclr_w.o(.text)
    _memset_w                                0x08009bcb   Thumb Code     0  rt_memclr_w.o(.text)
    strcmp                                   0x08009c15   Thumb Code   128  strcmpv7m.o(.text)
    __use_two_region_memory                  0x08009c95   Thumb Code     2  heapauxi.o(.text)
    __rt_heap_escrow                         0x08009c97   Thumb Code     2  heapauxi.o(.text)
    __rt_heap_expand                         0x08009c99   Thumb Code     2  heapauxi.o(.text)
    __rt_ctype_table                         0x08009c9d   Thumb Code    16  rt_ctype_table.o(.text)
    __rt_heap_descriptor                     0x08009cad   Thumb Code     8  rt_heap_descriptor_intlibspace.o(.text)
    __use_no_heap                            0x08009cb5   Thumb Code     2  hguard.o(.text)
    __heap$guard                             0x08009cb7   Thumb Code     2  hguard.o(.text)
    _terminate_user_alloc                    0x08009cb9   Thumb Code     2  init_alloc.o(.text)
    _init_user_alloc                         0x08009cbb   Thumb Code     2  init_alloc.o(.text)
    __Heap_Full                              0x08009cbd   Thumb Code    34  init_alloc.o(.text)
    __Heap_Broken                            0x08009cdf   Thumb Code     6  init_alloc.o(.text)
    _init_alloc                              0x08009ce5   Thumb Code    94  init_alloc.o(.text)
    __Heap_Initialize                        0x08009d43   Thumb Code    10  h1_init.o(.text)
    __Heap_DescSize                          0x08009d4d   Thumb Code     4  h1_init.o(.text)
    __read_errno                             0x08009d51   Thumb Code    10  _rserrno.o(.text)
    __set_errno                              0x08009d5b   Thumb Code    12  _rserrno.o(.text)
    _printf_truncate_signed                  0x08009d67   Thumb Code    18  _printf_truncate.o(.text)
    _printf_truncate_unsigned                0x08009d79   Thumb Code    18  _printf_truncate.o(.text)
    _printf_int_common                       0x08009d8b   Thumb Code   178  _printf_intcommon.o(.text)
    _printf_charcount                        0x08009e3d   Thumb Code    40  _printf_charcount.o(.text)
    __lib_sel_fp_printf                      0x08009e65   Thumb Code     2  _printf_fp_dec.o(.text)
    _printf_fp_dec_real                      0x0800a017   Thumb Code   620  _printf_fp_dec.o(.text)
    _printf_char_common                      0x0800a28f   Thumb Code    32  _printf_char_common.o(.text)
    _sputc                                   0x0800a2b5   Thumb Code    10  _sputc.o(.text)
    _snputc                                  0x0800a2bf   Thumb Code    16  _snputc.o(.text)
    _printf_cs_common                        0x0800a2cf   Thumb Code    20  _printf_char.o(.text)
    _printf_char                             0x0800a2e3   Thumb Code    16  _printf_char.o(.text)
    _printf_string                           0x0800a2f3   Thumb Code     8  _printf_char.o(.text)
    _printf_wctomb                           0x0800a2fd   Thumb Code   182  _printf_wctomb.o(.text)
    _printf_longlong_dec                     0x0800a3b9   Thumb Code   108  _printf_longlong_dec.o(.text)
    _printf_longlong_oct                     0x0800a435   Thumb Code    66  _printf_oct_int_ll.o(.text)
    _printf_int_oct                          0x0800a477   Thumb Code    24  _printf_oct_int_ll.o(.text)
    _printf_ll_oct                           0x0800a48f   Thumb Code    12  _printf_oct_int_ll.o(.text)
    _chval                                   0x0800a4a5   Thumb Code    28  _chval.o(.text)
    _scanf_really_real                       0x0800a70d   Thumb Code   684  scanf_fp.o(.text)
    __vfscanf_char                           0x0800a9c5   Thumb Code    24  scanf_char.o(.text)
    _sgetc                                   0x0800a9e5   Thumb Code    30  _sgetc.o(.text)
    _sbackspace                              0x0800aa03   Thumb Code    34  _sgetc.o(.text)
    __strtod_int                             0x0800aa61   Thumb Code    90  strtod.o(.text)
    __user_libspace                          0x0800aac9   Thumb Code     8  libspace.o(.text)
    __user_perproc_libspace                  0x0800aac9   Thumb Code     0  libspace.o(.text)
    __user_perthread_libspace                0x0800aac9   Thumb Code     0  libspace.o(.text)
    __rt_locale                              0x0800aad1   Thumb Code     8  rt_locale_intlibspace.o(.text)
    __aeabi_errno_addr                       0x0800aad9   Thumb Code     8  rt_errno_addr_intlibspace.o(.text)
    __errno$intlibspace                      0x0800aad9   Thumb Code     0  rt_errno_addr_intlibspace.o(.text)
    __rt_errno_addr$intlibspace              0x0800aad9   Thumb Code     0  rt_errno_addr_intlibspace.o(.text)
    __Heap_ProvideMemory                     0x0800aae1   Thumb Code    52  h1_extend.o(.text)
    _ll_udiv10                               0x0800ab15   Thumb Code   138  lludiv10.o(.text)
    isspace                                  0x0800ab9f   Thumb Code    18  isspace.o(.text)
    _printf_fp_hex_real                      0x0800abb1   Thumb Code   756  _printf_fp_hex.o(.text)
    _printf_fp_infnan                        0x0800aead   Thumb Code   112  _printf_fp_infnan.o(.text)
    _printf_lcs_common                       0x0800af2d   Thumb Code    20  _printf_wchar.o(.text)
    _printf_wchar                            0x0800af41   Thumb Code    16  _printf_wchar.o(.text)
    _printf_wstring                          0x0800af51   Thumb Code     8  _printf_wchar.o(.text)
    __vfscanf                                0x0800af59   Thumb Code   878  _scanf.o(.text)
    _btod_etento                             0x0800b2cd   Thumb Code   224  bigflt0.o(.text)
    _wcrtomb                                 0x0800b3b1   Thumb Code    64  _wcrtomb.o(.text)
    __rt_SIGRTMEM                            0x0800b3f1   Thumb Code    14  defsig_rtmem_outer.o(.text)
    __I$use$semihosting                      0x0800b3ff   Thumb Code     0  use_no_semi.o(.text)
    __use_no_semihosting_swi                 0x0800b3ff   Thumb Code     2  use_no_semi.o(.text)
    __semihosting_library_function           0x0800b401   Thumb Code     0  indicate_semi.o(.text)
    __user_setup_stackheap                   0x0800b401   Thumb Code    74  sys_stackheap_outer.o(.text)
    _scanf_really_hex_real                   0x0800b44d   Thumb Code   786  scanf_hexfp.o(.text)
    _scanf_really_infnan                     0x0800b76d   Thumb Code   292  scanf_infnan.o(.text)
    exit                                     0x0800b8a1   Thumb Code    18  exit.o(.text)
    __sig_exit                               0x0800b8b3   Thumb Code    10  defsig_exit.o(.text)
    __rt_SIGRTMEM_inner                      0x0800b8bd   Thumb Code    22  defsig_rtmem_inner.o(.text)
    _sys_exit                                0x0800b90d   Thumb Code     8  sys_exit.o(.text)
    __aeabi_llsl                             0x0800b919   Thumb Code     0  llshl.o(.text)
    _ll_shift_l                              0x0800b919   Thumb Code    38  llshl.o(.text)
    __default_signal_display                 0x0800b93f   Thumb Code    50  defsig_general.o(.text)
    _ttywrch                                 0x0800b971   Thumb Code    14  sys_wrch.o(.text)
    _btod_d2e                                0x0800b97f   Thumb Code    62  btod.o(CL$$btod_d2e)
    _d2e_denorm_low                          0x0800b9bd   Thumb Code    70  btod.o(CL$$btod_d2e_denorm_low)
    _d2e_norm_op1                            0x0800ba03   Thumb Code    96  btod.o(CL$$btod_d2e_norm_op1)
    __btod_div_common                        0x0800ba63   Thumb Code   696  btod.o(CL$$btod_div_common)
    _e2d                                     0x0800bd9d   Thumb Code   122  btod.o(CL$$btod_e2d)
    _e2e                                     0x0800be21   Thumb Code   220  btod.o(CL$$btod_e2e)
    _btod_ediv                               0x0800befd   Thumb Code    42  btod.o(CL$$btod_ediv)
    _btod_edivd                              0x0800bf27   Thumb Code    42  btod.o(CL$$btod_edivd)
    _btod_emul                               0x0800bf51   Thumb Code    42  btod.o(CL$$btod_emul)
    _btod_emuld                              0x0800bf7b   Thumb Code    42  btod.o(CL$$btod_emuld)
    __btod_mult_common                       0x0800bfa5   Thumb Code   580  btod.o(CL$$btod_mult_common)
    __ARM_fpclassify                         0x0800c1e9   Thumb Code    40  fpclassify.o(i.__ARM_fpclassify)
    __kernel_poly                            0x0800c211   Thumb Code   170  poly.o(i.__kernel_poly)
    __mathlib_dbl_divzero                    0x0800c2bd   Thumb Code    12  dunder.o(i.__mathlib_dbl_divzero)
    __mathlib_dbl_infnan2                    0x0800c2cd   Thumb Code     4  dunder.o(i.__mathlib_dbl_infnan2)
    __mathlib_dbl_invalid                    0x0800c2d1   Thumb Code    12  dunder.o(i.__mathlib_dbl_invalid)
    __mathlib_dbl_overflow                   0x0800c2dd   Thumb Code    14  dunder.o(i.__mathlib_dbl_overflow)
    __mathlib_dbl_underflow                  0x0800c2ed   Thumb Code    10  dunder.o(i.__mathlib_dbl_underflow)
    __mathlib_narrow                         0x0800c2fd   Thumb Code    16  narrow.o(i.__mathlib_narrow)
    __mathlib_tofloat                        0x0800c30d   Thumb Code   184  narrow.o(i.__mathlib_tofloat)
    __support_ldexp                          0x0800c3c9   Thumb Code    22  ldexp.o(i.__support_ldexp)
    _is_digit                                0x0800c3df   Thumb Code    14  __printf_wp.o(i._is_digit)
    frexp                                    0x0800c3ed   Thumb Code    80  frexp.o(i.frexp)
    ldexp                                    0x0800c445   Thumb Code   116  ldexp.o(i.ldexp)
    pow                                      0x0800c4b9   Thumb Code  2512  pow.o(i.pow)
    round                                    0x0800ce91   Thumb Code   136  round.o(i.round)
    sqrt                                     0x0800cf25   Thumb Code    76  sqrt.o(i.sqrt)
    strtod                                   0x0800cf71   Thumb Code    28  strtod.o(i.strtod)
    _get_lc_ctype                            0x0800cf8d   Thumb Code    44  lc_ctype_c.o(locale$$code)
    _get_lc_numeric                          0x0800cfb9   Thumb Code    44  lc_numeric_c.o(locale$$code)
    __aeabi_d2f                              0x0800cfe5   Thumb Code     0  d2f.o(x$fpl$d2f)
    _d2f                                     0x0800cfe5   Thumb Code    98  d2f.o(x$fpl$d2f)
    __aeabi_dadd                             0x0800d049   Thumb Code     0  daddsub_clz.o(x$fpl$dadd)
    _dadd                                    0x0800d049   Thumb Code   332  daddsub_clz.o(x$fpl$dadd)
    __fpl_dcheck_NaN1                        0x0800d199   Thumb Code    10  dcheck1.o(x$fpl$dcheck1)
    __fpl_dcmp_Inf                           0x0800d1a9   Thumb Code    24  dcmpi.o(x$fpl$dcmpinf)
    __aeabi_ddiv                             0x0800d1c1   Thumb Code     0  ddiv.o(x$fpl$ddiv)
    _ddiv                                    0x0800d1c1   Thumb Code   552  ddiv.o(x$fpl$ddiv)
    __aeabi_cdcmpeq                          0x0800d471   Thumb Code     0  deqf.o(x$fpl$deqf)
    _dcmpeq                                  0x0800d471   Thumb Code   120  deqf.o(x$fpl$deqf)
    __aeabi_d2iz                             0x0800d4e9   Thumb Code     0  dfix.o(x$fpl$dfix)
    _dfix                                    0x0800d4e9   Thumb Code    94  dfix.o(x$fpl$dfix)
    __aeabi_d2uiz                            0x0800d549   Thumb Code     0  dfixu.o(x$fpl$dfixu)
    _dfixu                                   0x0800d549   Thumb Code    90  dfixu.o(x$fpl$dfixu)
    __aeabi_i2d                              0x0800d5a3   Thumb Code     0  dflt_clz.o(x$fpl$dflt)
    _dflt                                    0x0800d5a3   Thumb Code    46  dflt_clz.o(x$fpl$dflt)
    __aeabi_ui2d                             0x0800d5d1   Thumb Code     0  dflt_clz.o(x$fpl$dfltu)
    _dfltu                                   0x0800d5d1   Thumb Code    38  dflt_clz.o(x$fpl$dfltu)
    __aeabi_cdcmple                          0x0800d5f9   Thumb Code     0  dleqf.o(x$fpl$dleqf)
    _dcmple                                  0x0800d5f9   Thumb Code   120  dleqf.o(x$fpl$dleqf)
    __fpl_dcmple_InfNaN                      0x0800d65b   Thumb Code     0  dleqf.o(x$fpl$dleqf)
    __aeabi_dmul                             0x0800d671   Thumb Code     0  dmul.o(x$fpl$dmul)
    _dmul                                    0x0800d671   Thumb Code   332  dmul.o(x$fpl$dmul)
    __fpl_dnaninf                            0x0800d7c5   Thumb Code   156  dnaninf.o(x$fpl$dnaninf)
    __fpl_dretinf                            0x0800d861   Thumb Code    12  dretinf.o(x$fpl$dretinf)
    __aeabi_cdrcmple                         0x0800d86d   Thumb Code     0  drleqf.o(x$fpl$drleqf)
    _drcmple                                 0x0800d86d   Thumb Code   108  drleqf.o(x$fpl$drleqf)
    _drnd                                    0x0800d8d9   Thumb Code   180  drnd.o(x$fpl$drnd)
    __aeabi_drsub                            0x0800d98d   Thumb Code     0  daddsub_clz.o(x$fpl$drsb)
    _drsb                                    0x0800d98d   Thumb Code    22  daddsub_clz.o(x$fpl$drsb)
    _dsqrt                                   0x0800d9a5   Thumb Code   456  dsqrt_noumaal.o(x$fpl$dsqrt)
    __aeabi_dsub                             0x0800db71   Thumb Code     0  daddsub_clz.o(x$fpl$dsub)
    _dsub                                    0x0800db71   Thumb Code   464  daddsub_clz.o(x$fpl$dsub)
    __aeabi_f2d                              0x0800dd45   Thumb Code     0  f2d.o(x$fpl$f2d)
    _f2d                                     0x0800dd45   Thumb Code    86  f2d.o(x$fpl$f2d)
    __aeabi_fadd                             0x0800dd9d   Thumb Code     0  faddsub_clz.o(x$fpl$fadd)
    _fadd                                    0x0800dd9d   Thumb Code   196  faddsub_clz.o(x$fpl$fadd)
    __fpl_fcmp_Inf                           0x0800de61   Thumb Code    24  fcmpi.o(x$fpl$fcmpinf)
    __aeabi_fdiv                             0x0800de79   Thumb Code     0  fdiv.o(x$fpl$fdiv)
    _fdiv                                    0x0800de79   Thumb Code   384  fdiv.o(x$fpl$fdiv)
    __aeabi_f2uiz                            0x0800dffd   Thumb Code     0  ffixu.o(x$fpl$ffixu)
    _ffixu                                   0x0800dffd   Thumb Code    62  ffixu.o(x$fpl$ffixu)
    __aeabi_ui2f                             0x0800e03d   Thumb Code     0  fflt_clz.o(x$fpl$ffltu)
    _ffltu                                   0x0800e03d   Thumb Code    38  fflt_clz.o(x$fpl$ffltu)
    __aeabi_cfcmple                          0x0800e065   Thumb Code     0  fleqf.o(x$fpl$fleqf)
    _fcmple                                  0x0800e065   Thumb Code   104  fleqf.o(x$fpl$fleqf)
    __fpl_fcmple_InfNaN                      0x0800e0b7   Thumb Code     0  fleqf.o(x$fpl$fleqf)
    __aeabi_fmul                             0x0800e0cd   Thumb Code     0  fmul.o(x$fpl$fmul)
    _fmul                                    0x0800e0cd   Thumb Code   258  fmul.o(x$fpl$fmul)
    __fpl_fnaninf                            0x0800e1cf   Thumb Code   140  fnaninf.o(x$fpl$fnaninf)
    __fpl_fretinf                            0x0800e25b   Thumb Code    10  fretinf.o(x$fpl$fretinf)
    __aeabi_cfrcmple                         0x0800e265   Thumb Code     0  frleqf.o(x$fpl$frleqf)
    _frcmple                                 0x0800e265   Thumb Code    98  frleqf.o(x$fpl$frleqf)
    __aeabi_fsub                             0x0800e2c9   Thumb Code     0  faddsub_clz.o(x$fpl$fsub)
    _fsub                                    0x0800e2c9   Thumb Code   234  faddsub_clz.o(x$fpl$fsub)
    __ieee_status                            0x0800e3b3   Thumb Code     6  istatus.o(x$fpl$ieeestatus)
    _printf_fp_dec                           0x0800e3b9   Thumb Code     4  printf1.o(x$fpl$printf1)
    _printf_fp_hex                           0x0800e3bd   Thumb Code     4  printf2.o(x$fpl$printf2)
    __fpl_return_NaN                         0x0800e3c1   Thumb Code   100  retnan.o(x$fpl$retnan)
    __ARM_scalbn                             0x0800e425   Thumb Code    92  scalbn.o(x$fpl$scalbn)
    _scanf_real                              0x0800e481   Thumb Code     4  scanf1.o(x$fpl$scanf1)
    _scanf_hex_real                          0x0800e485   Thumb Code     4  scanf2.o(x$fpl$scanf2)
    _scanf_infnan                            0x0800e489   Thumb Code     4  scanf2.o(x$fpl$scanf2)
    __fpl_cmpreturn                          0x0800e48d   Thumb Code    48  trapv.o(x$fpl$trapveneer)
    OLED_F8x16                               0x0800e4bc   Data        1520  oled_data.o(.constdata)
    __I$use$fp                               0x0800e4bc   Number         0  usenofp.o(x$fpl$usenofp)
    OLED_F6x8                                0x0800eaac   Data         570  oled_data.o(.constdata)
    OLED_CF16x16                             0x0800ece6   Data         700  oled_data.o(.constdata)
    Diode                                    0x0800efa2   Data          32  oled_data.o(.constdata)
    __mathlib_zero                           0x0800f150   Data           8  qnan.o(.constdata)
    Region$$Table$$Base                      0x0800f338   Number         0  anon$$obj.o(Region$$Table)
    Region$$Table$$Limit                     0x0800f358   Number         0  anon$$obj.o(Region$$Table)
    __aeabi_HUGE_VAL                         0x0800f358   Data           0  fpconst.o(c$$dinf)
    __aeabi_HUGE_VALL                        0x0800f358   Data           0  fpconst.o(c$$dinf)
    __aeabi_INFINITY                         0x0800f358   Data           0  fpconst.o(c$$dinf)
    __dInf                                   0x0800f358   Data           0  fpconst.o(c$$dinf)
    __huge_val                               0x0800f358   Data           0  fpconst.o(c$$dinf)
    __dbl_max                                0x0800f360   Data           0  fpconst.o(c$$dmax)
    __ctype                                  0x0800f375   Data           0  lc_ctype_c.o(locale$$data)
    SystemCoreClock                          0x20000000   Data           4  system_stm32f10x.o(.data)
    AHBPrescTable                            0x20000004   Data          16  system_stm32f10x.o(.data)
    UsCount                                  0x20000028   Data           1  delay.o(.data)
    MsCount                                  0x2000002a   Data           2  delay.o(.data)
    Led_info                                 0x2000002c   Data           1  led.o(.data)
    alarm_info                               0x2000002e   Data           1  buzzer.o(.data)
    door_info                                0x20000032   Data           1  servo.o(.data)
    fan_info                                 0x20000033   Data           1  motor.o(.data)
    curtains_info                            0x20000034   Data           1  motor.o(.data)
    LightSensor_info                         0x20000035   Data           1  lightsensor.o(.data)
    Key                                      0x20000038   Data          80  key1.o(.data)
    card_total                               0x20000088   Data           1  main.o(.data)
    add_mode                                 0x20000089   Data           1  main.o(.data)
    door_open                                0x2000008a   Data           1  main.o(.data)
    door_time                                0x2000008c   Data           4  main.o(.data)
    card_id                                  0x20000090   Data           4  main.o(.data)
    value                                    0x20000094   Data           2  main.o(.data)
    ppm                                      0x20000098   Data           4  main.o(.data)
    temp                                     0x2000009c   Data           1  main.o(.data)
    humi                                     0x2000009d   Data           1  main.o(.data)
    LightSensor                              0x2000009e   Data           1  main.o(.data)
    LightSensor_flag                         0x2000009f   Data           1  main.o(.data)
    curtains_state                           0x200000a0   Data           1  main.o(.data)
    smoke_percent                            0x200000a1   Data           1  main.o(.data)
    flame_detected                           0x200000a2   Data           1  main.o(.data)
    alarm_state                              0x200000a3   Data           1  main.o(.data)
    overheat_state                           0x200000a4   Data           1  main.o(.data)
    smoke_sensor_state                       0x200000a5   Data           1  main.o(.data)
    door_open_flag                           0x200000a6   Data           1  main.o(.data)
    door_tick                                0x200000a8   Data           4  main.o(.data)
    esp8266_cnt                              0x200000b2   Data           2  esp8266.o(.data)
    esp8266_cntPre                           0x200000b4   Data           2  esp8266.o(.data)
    OLED_DisplayBuf                          0x200000cc   Data        1024  oled.o(.bss)
    card_whitelist                           0x200004cc   Data          40  main.o(.bss)
    devid                                    0x200004f4   Data          16  onenet.o(.bss)
    key                                      0x20000504   Data          48  onenet.o(.bss)
    esp8266_buf                              0x20000534   Data         512  esp8266.o(.bss)
    __libspace_start                         0x20000744   Data          96  libspace.o(.bss)
    __temporary_stack_top$libspace           0x200007a4   Data           0  libspace.o(.bss)



==============================================================================

Memory Map of the image

  Image Entry point : 0x080000ed

  Load Region LR_IROM1 (Base: 0x08000000, Size: 0x0000f560, Max: 0x00010000, ABSOLUTE)

    Execution Region ER_IROM1 (Exec base: 0x08000000, Load base: 0x08000000, Size: 0x0000f494, Max: 0x00010000, ABSOLUTE)

    Exec Addr    Load Addr    Size         Type   Attr      Idx    E Section Name        Object

    0x08000000   0x08000000   0x000000ec   Data   RO          139    RESET               startup_stm32f10x_md.o
    0x080000ec   0x080000ec   0x00000008   Code   RO         1115  * !!!main             c_w.l(__main.o)
    0x080000f4   0x080000f4   0x00000034   Code   RO         1612    !!!scatter          c_w.l(__scatter.o)
    0x08000128   0x08000128   0x0000001a   Code   RO         1614    !!handler_copy      c_w.l(__scatter_copy.o)
    0x08000142   0x08000142   0x00000002   PAD
    0x08000144   0x08000144   0x0000001c   Code   RO         1616    !!handler_zi        c_w.l(__scatter_zi.o)
    0x08000160   0x08000160   0x00000000   Code   RO         1080    .ARM.Collect$$_printf_percent$$00000000  c_w.l(_printf_percent.o)
    0x08000160   0x08000160   0x00000006   Code   RO         1255    .ARM.Collect$$_printf_percent$$00000001  c_w.l(_printf_n.o)
    0x08000166   0x08000166   0x00000006   Code   RO         1256    .ARM.Collect$$_printf_percent$$00000002  c_w.l(_printf_p.o)
    0x0800016c   0x0800016c   0x00000006   Code   RO         1078    .ARM.Collect$$_printf_percent$$00000003  c_w.l(_printf_f.o)
    0x08000172   0x08000172   0x00000006   Code   RO         1259    .ARM.Collect$$_printf_percent$$00000004  c_w.l(_printf_e.o)
    0x08000178   0x08000178   0x00000006   Code   RO         1079    .ARM.Collect$$_printf_percent$$00000005  c_w.l(_printf_g.o)
    0x0800017e   0x0800017e   0x00000006   Code   RO         1260    .ARM.Collect$$_printf_percent$$00000006  c_w.l(_printf_a.o)
    0x08000184   0x08000184   0x0000000a   Code   RO         1265    .ARM.Collect$$_printf_percent$$00000007  c_w.l(_printf_ll.o)
    0x0800018e   0x0800018e   0x00000006   Code   RO         1076    .ARM.Collect$$_printf_percent$$00000008  c_w.l(_printf_i.o)
    0x08000194   0x08000194   0x00000006   Code   RO         1077    .ARM.Collect$$_printf_percent$$00000009  c_w.l(_printf_d.o)
    0x0800019a   0x0800019a   0x00000006   Code   RO         1258    .ARM.Collect$$_printf_percent$$0000000A  c_w.l(_printf_u.o)
    0x080001a0   0x080001a0   0x00000006   Code   RO         1257    .ARM.Collect$$_printf_percent$$0000000B  c_w.l(_printf_o.o)
    0x080001a6   0x080001a6   0x00000006   Code   RO         1075    .ARM.Collect$$_printf_percent$$0000000C  c_w.l(_printf_x.o)
    0x080001ac   0x080001ac   0x00000006   Code   RO         1262    .ARM.Collect$$_printf_percent$$0000000D  c_w.l(_printf_lli.o)
    0x080001b2   0x080001b2   0x00000006   Code   RO         1263    .ARM.Collect$$_printf_percent$$0000000E  c_w.l(_printf_lld.o)
    0x080001b8   0x080001b8   0x00000006   Code   RO         1264    .ARM.Collect$$_printf_percent$$0000000F  c_w.l(_printf_llu.o)
    0x080001be   0x080001be   0x00000006   Code   RO         1269    .ARM.Collect$$_printf_percent$$00000010  c_w.l(_printf_llo.o)
    0x080001c4   0x080001c4   0x00000006   Code   RO         1270    .ARM.Collect$$_printf_percent$$00000011  c_w.l(_printf_llx.o)
    0x080001ca   0x080001ca   0x0000000a   Code   RO         1266    .ARM.Collect$$_printf_percent$$00000012  c_w.l(_printf_l.o)
    0x080001d4   0x080001d4   0x00000006   Code   RO         1254    .ARM.Collect$$_printf_percent$$00000013  c_w.l(_printf_c.o)
    0x080001da   0x080001da   0x00000006   Code   RO         1074    .ARM.Collect$$_printf_percent$$00000014  c_w.l(_printf_s.o)
    0x080001e0   0x080001e0   0x00000006   Code   RO         1267    .ARM.Collect$$_printf_percent$$00000015  c_w.l(_printf_lc.o)
    0x080001e6   0x080001e6   0x00000006   Code   RO         1268    .ARM.Collect$$_printf_percent$$00000016  c_w.l(_printf_ls.o)
    0x080001ec   0x080001ec   0x00000004   Code   RO         1261    .ARM.Collect$$_printf_percent$$00000017  c_w.l(_printf_percent_end.o)
    0x080001f0   0x080001f0   0x00000002   Code   RO         1527    .ARM.Collect$$libinit$$00000000  c_w.l(libinit.o)
    0x080001f2   0x080001f2   0x00000000   Code   RO         1284    .ARM.Collect$$libinit$$00000002  c_w.l(libinit2.o)
    0x080001f2   0x080001f2   0x00000000   Code   RO         1286    .ARM.Collect$$libinit$$00000004  c_w.l(libinit2.o)
    0x080001f2   0x080001f2   0x00000008   Code   RO         1287    .ARM.Collect$$libinit$$00000005  c_w.l(libinit2.o)
    0x080001fa   0x080001fa   0x00000000   Code   RO         1289    .ARM.Collect$$libinit$$0000000A  c_w.l(libinit2.o)
    0x080001fa   0x080001fa   0x00000000   Code   RO         1291    .ARM.Collect$$libinit$$0000000C  c_w.l(libinit2.o)
    0x080001fa   0x080001fa   0x00000000   Code   RO         1293    .ARM.Collect$$libinit$$0000000E  c_w.l(libinit2.o)
    0x080001fa   0x080001fa   0x00000006   Code   RO         1294    .ARM.Collect$$libinit$$0000000F  c_w.l(libinit2.o)
    0x08000200   0x08000200   0x00000000   Code   RO         1296    .ARM.Collect$$libinit$$00000011  c_w.l(libinit2.o)
    0x08000200   0x08000200   0x0000000c   Code   RO         1297    .ARM.Collect$$libinit$$00000012  c_w.l(libinit2.o)
    0x0800020c   0x0800020c   0x00000000   Code   RO         1298    .ARM.Collect$$libinit$$00000013  c_w.l(libinit2.o)
    0x0800020c   0x0800020c   0x00000000   Code   RO         1300    .ARM.Collect$$libinit$$00000015  c_w.l(libinit2.o)
    0x0800020c   0x0800020c   0x0000000a   Code   RO         1301    .ARM.Collect$$libinit$$00000016  c_w.l(libinit2.o)
    0x08000216   0x08000216   0x00000000   Code   RO         1302    .ARM.Collect$$libinit$$00000017  c_w.l(libinit2.o)
    0x08000216   0x08000216   0x00000000   Code   RO         1304    .ARM.Collect$$libinit$$00000019  c_w.l(libinit2.o)
    0x08000216   0x08000216   0x00000000   Code   RO         1306    .ARM.Collect$$libinit$$0000001B  c_w.l(libinit2.o)
    0x08000216   0x08000216   0x00000000   Code   RO         1308    .ARM.Collect$$libinit$$0000001D  c_w.l(libinit2.o)
    0x08000216   0x08000216   0x00000000   Code   RO         1310    .ARM.Collect$$libinit$$0000001F  c_w.l(libinit2.o)
    0x08000216   0x08000216   0x00000000   Code   RO         1312    .ARM.Collect$$libinit$$00000021  c_w.l(libinit2.o)
    0x08000216   0x08000216   0x00000000   Code   RO         1314    .ARM.Collect$$libinit$$00000023  c_w.l(libinit2.o)
    0x08000216   0x08000216   0x00000000   Code   RO         1316    .ARM.Collect$$libinit$$00000025  c_w.l(libinit2.o)
    0x08000216   0x08000216   0x00000000   Code   RO         1320    .ARM.Collect$$libinit$$0000002C  c_w.l(libinit2.o)
    0x08000216   0x08000216   0x00000000   Code   RO         1322    .ARM.Collect$$libinit$$0000002E  c_w.l(libinit2.o)
    0x08000216   0x08000216   0x00000000   Code   RO         1324    .ARM.Collect$$libinit$$00000030  c_w.l(libinit2.o)
    0x08000216   0x08000216   0x00000000   Code   RO         1326    .ARM.Collect$$libinit$$00000032  c_w.l(libinit2.o)
    0x08000216   0x08000216   0x00000002   Code   RO         1327    .ARM.Collect$$libinit$$00000033  c_w.l(libinit2.o)
    0x08000218   0x08000218   0x00000002   Code   RO         1609    .ARM.Collect$$libshutdown$$00000000  c_w.l(libshutdown.o)
    0x0800021a   0x0800021a   0x00000000   Code   RO         1551    .ARM.Collect$$libshutdown$$00000002  c_w.l(libshutdown2.o)
    0x0800021a   0x0800021a   0x00000000   Code   RO         1553    .ARM.Collect$$libshutdown$$00000004  c_w.l(libshutdown2.o)
    0x0800021a   0x0800021a   0x00000000   Code   RO         1556    .ARM.Collect$$libshutdown$$00000007  c_w.l(libshutdown2.o)
    0x0800021a   0x0800021a   0x00000000   Code   RO         1559    .ARM.Collect$$libshutdown$$0000000A  c_w.l(libshutdown2.o)
    0x0800021a   0x0800021a   0x00000000   Code   RO         1561    .ARM.Collect$$libshutdown$$0000000C  c_w.l(libshutdown2.o)
    0x0800021a   0x0800021a   0x00000000   Code   RO         1564    .ARM.Collect$$libshutdown$$0000000F  c_w.l(libshutdown2.o)
    0x0800021a   0x0800021a   0x00000002   Code   RO         1565    .ARM.Collect$$libshutdown$$00000010  c_w.l(libshutdown2.o)
    0x0800021c   0x0800021c   0x00000000   Code   RO         1197    .ARM.Collect$$rtentry$$00000000  c_w.l(__rtentry.o)
    0x0800021c   0x0800021c   0x00000000   Code   RO         1384    .ARM.Collect$$rtentry$$00000002  c_w.l(__rtentry2.o)
    0x0800021c   0x0800021c   0x00000006   Code   RO         1396    .ARM.Collect$$rtentry$$00000004  c_w.l(__rtentry4.o)
    0x08000222   0x08000222   0x00000000   Code   RO         1386    .ARM.Collect$$rtentry$$00000009  c_w.l(__rtentry2.o)
    0x08000222   0x08000222   0x00000004   Code   RO         1387    .ARM.Collect$$rtentry$$0000000A  c_w.l(__rtentry2.o)
    0x08000226   0x08000226   0x00000000   Code   RO         1389    .ARM.Collect$$rtentry$$0000000C  c_w.l(__rtentry2.o)
    0x08000226   0x08000226   0x00000008   Code   RO         1390    .ARM.Collect$$rtentry$$0000000D  c_w.l(__rtentry2.o)
    0x0800022e   0x0800022e   0x00000002   Code   RO         1538    .ARM.Collect$$rtexit$$00000000  c_w.l(rtexit.o)
    0x08000230   0x08000230   0x00000000   Code   RO         1583    .ARM.Collect$$rtexit$$00000002  c_w.l(rtexit2.o)
    0x08000230   0x08000230   0x00000004   Code   RO         1584    .ARM.Collect$$rtexit$$00000003  c_w.l(rtexit2.o)
    0x08000234   0x08000234   0x00000006   Code   RO         1585    .ARM.Collect$$rtexit$$00000004  c_w.l(rtexit2.o)
    0x0800023a   0x0800023a   0x00000002   PAD
    0x0800023c   0x0800023c   0x00000000   Code   RO         1410    .emb_text           c_w.l(maybetermalloc1.o)
    0x0800023c   0x0800023c   0x00000134   Code   RO           17    .text               stm32f10x_it.o
    0x08000370   0x08000370   0x000001e0   Code   RO          119    .text               system_stm32f10x.o
    0x08000550   0x08000550   0x00000040   Code   RO          140    .text               startup_stm32f10x_md.o
    0x08000590   0x08000590   0x0000011c   Code   RO          144    .text               stm32f10x_exti.o
    0x080006ac   0x080006ac   0x000000dc   Code   RO          182    .text               misc.o
    0x08000788   0x08000788   0x0000035c   Code   RO          194    .text               stm32f10x_gpio.o
    0x08000ae4   0x08000ae4   0x00000408   Code   RO          206    .text               stm32f10x_usart.o
    0x08000eec   0x08000eec   0x0000044e   Code   RO          218    .text               stm32f10x_adc.o
    0x0800133a   0x0800133a   0x00000002   PAD
    0x0800133c   0x0800133c   0x00000e1a   Code   RO          230    .text               stm32f10x_tim.o
    0x08002156   0x08002156   0x00000002   PAD
    0x08002158   0x08002158   0x000003a4   Code   RO          254    .text               stm32f10x_rcc.o
    0x080024fc   0x080024fc   0x000000f4   Code   RO          268    .text               delay.o
    0x080025f0   0x080025f0   0x000001e8   Code   RO          286    .text               usart.o
    0x080027d8   0x080027d8   0x0000006c   Code   RO          308    .text               led.o
    0x08002844   0x08002844   0x000000ac   Code   RO          326    .text               key.o
    0x080028f0   0x080028f0   0x000001a0   Code   RO          345    .text               dht11.o
    0x08002a90   0x08002a90   0x000006b4   Code   RO          379    .text               oled.o
    0x08003144   0x08003144   0x00000150   Code   RO          405    .text               mq2.o
    0x08003294   0x08003294   0x0000017c   Code   RO          423    .text               buzzer.o
    0x08003410   0x08003410   0x0000009c   Code   RO          441    .text               adcx.o
    0x080034ac   0x080034ac   0x00000070   Code   RO          453    .text               servo.o
    0x0800351c   0x0800351c   0x0000016c   Code   RO          474    .text               pwm.o
    0x08003688   0x08003688   0x00000110   Code   RO          486    .text               motor.o
    0x08003798   0x08003798   0x00000044   Code   RO          504    .text               lightsensor.o
    0x080037dc   0x080037dc   0x000007c0   Code   RO          522    .text               mfrc522.o
    0x08003f9c   0x08003f9c   0x000001b4   Code   RO          537    .text               key1.o
    0x08004150   0x08004150   0x00000834   Code   RO          582    .text               main.o
    0x08004984   0x08004984   0x00000c80   Code   RO          745    .text               onenet.o
    0x08005604   0x08005604   0x00000486   Code   RO          813    .text               hmac_sha1.o
    0x08005a8a   0x08005a8a   0x00000002   PAD
    0x08005a8c   0x08005a8c   0x000002b0   Code   RO          835    .text               base64.o
    0x08005d3c   0x08005d3c   0x00000e08   Code   RO          856    .text               mqttkit.o
    0x08006b44   0x08006b44   0x00000330   Code   RO          884    .text               esp8266.o
    0x08006e74   0x08006e74   0x00002260   Code   RO          904    .text               cjson.o
    0x080090d4   0x080090d4   0x0000005e   Code   RO          949    .text               c_w.l(h1_alloc.o)
    0x08009132   0x08009132   0x0000004e   Code   RO          951    .text               c_w.l(h1_free.o)
    0x08009180   0x08009180   0x000000b8   Code   RO          953    .text               c_w.l(h1_realloc.o)
    0x08009238   0x08009238   0x0000001a   Code   RO         1011    .text               c_w.l(tolower.o)
    0x08009252   0x08009252   0x00000002   PAD
    0x08009254   0x08009254   0x00000024   Code   RO         1013    .text               c_w.l(vsprintf.o)
    0x08009278   0x08009278   0x00000034   Code   RO         1015    .text               c_w.l(vsnprintf.o)
    0x080092ac   0x080092ac   0x0000002c   Code   RO         1017    .text               c_w.l(__2sprintf.o)
    0x080092d8   0x080092d8   0x00000038   Code   RO         1019    .text               c_w.l(__2snprintf.o)
    0x08009310   0x08009310   0x0000004e   Code   RO         1027    .text               c_w.l(_printf_pad.o)
    0x0800935e   0x0800935e   0x00000052   Code   RO         1029    .text               c_w.l(_printf_str.o)
    0x080093b0   0x080093b0   0x00000078   Code   RO         1031    .text               c_w.l(_printf_dec.o)
    0x08009428   0x08009428   0x00000094   Code   RO         1051    .text               c_w.l(_printf_hex_int_ll_ptr.o)
    0x080094bc   0x080094bc   0x00000188   Code   RO         1071    .text               c_w.l(__printf_flags_ss_wp.o)
    0x08009644   0x08009644   0x0000003c   Code   RO         1081    .text               c_w.l(__0sscanf.o)
    0x08009680   0x08009680   0x0000014c   Code   RO         1083    .text               c_w.l(_scanf_int.o)
    0x080097cc   0x080097cc   0x000000e0   Code   RO         1085    .text               c_w.l(_scanf_str.o)
    0x080098ac   0x080098ac   0x00000014   Code   RO         1087    .text               c_w.l(strchr.o)
    0x080098c0   0x080098c0   0x00000024   Code   RO         1089    .text               c_w.l(strncat.o)
    0x080098e4   0x080098e4   0x00000024   Code   RO         1091    .text               c_w.l(strstr.o)
    0x08009908   0x08009908   0x00000058   Code   RO         1093    .text               c_w.l(memcmp.o)
    0x08009960   0x08009960   0x00000048   Code   RO         1095    .text               c_w.l(strcpy.o)
    0x080099a8   0x080099a8   0x0000003e   Code   RO         1097    .text               c_w.l(strlen.o)
    0x080099e6   0x080099e6   0x00000096   Code   RO         1099    .text               c_w.l(strncmp.o)
    0x08009a7c   0x08009a7c   0x00000018   Code   RO         1101    .text               c_w.l(strcat.o)
    0x08009a94   0x08009a94   0x0000008a   Code   RO         1103    .text               c_w.l(rt_memcpy_v6.o)
    0x08009b1e   0x08009b1e   0x00000064   Code   RO         1105    .text               c_w.l(rt_memcpy_w.o)
    0x08009b82   0x08009b82   0x00000044   Code   RO         1107    .text               c_w.l(rt_memclr.o)
    0x08009bc6   0x08009bc6   0x0000004e   Code   RO         1109    .text               c_w.l(rt_memclr_w.o)
    0x08009c14   0x08009c14   0x00000080   Code   RO         1111    .text               c_w.l(strcmpv7m.o)
    0x08009c94   0x08009c94   0x00000006   Code   RO         1113    .text               c_w.l(heapauxi.o)
    0x08009c9a   0x08009c9a   0x00000002   PAD
    0x08009c9c   0x08009c9c   0x00000010   Code   RO         1198    .text               c_w.l(rt_ctype_table.o)
    0x08009cac   0x08009cac   0x00000008   Code   RO         1203    .text               c_w.l(rt_heap_descriptor_intlibspace.o)
    0x08009cb4   0x08009cb4   0x00000004   Code   RO         1205    .text               c_w.l(hguard.o)
    0x08009cb8   0x08009cb8   0x0000008a   Code   RO         1207    .text               c_w.l(init_alloc.o)
    0x08009d42   0x08009d42   0x0000000e   Code   RO         1211    .text               c_w.l(h1_init.o)
    0x08009d50   0x08009d50   0x00000016   Code   RO         1225    .text               c_w.l(_rserrno.o)
    0x08009d66   0x08009d66   0x00000024   Code   RO         1227    .text               c_w.l(_printf_truncate.o)
    0x08009d8a   0x08009d8a   0x000000b2   Code   RO         1229    .text               c_w.l(_printf_intcommon.o)
    0x08009e3c   0x08009e3c   0x00000028   Code   RO         1231    .text               c_w.l(_printf_charcount.o)
    0x08009e64   0x08009e64   0x0000041e   Code   RO         1233    .text               c_w.l(_printf_fp_dec.o)
    0x0800a282   0x0800a282   0x00000002   PAD
    0x0800a284   0x0800a284   0x00000030   Code   RO         1235    .text               c_w.l(_printf_char_common.o)
    0x0800a2b4   0x0800a2b4   0x0000000a   Code   RO         1237    .text               c_w.l(_sputc.o)
    0x0800a2be   0x0800a2be   0x00000010   Code   RO         1239    .text               c_w.l(_snputc.o)
    0x0800a2ce   0x0800a2ce   0x0000002c   Code   RO         1241    .text               c_w.l(_printf_char.o)
    0x0800a2fa   0x0800a2fa   0x00000002   PAD
    0x0800a2fc   0x0800a2fc   0x000000bc   Code   RO         1243    .text               c_w.l(_printf_wctomb.o)
    0x0800a3b8   0x0800a3b8   0x0000007c   Code   RO         1246    .text               c_w.l(_printf_longlong_dec.o)
    0x0800a434   0x0800a434   0x00000070   Code   RO         1252    .text               c_w.l(_printf_oct_int_ll.o)
    0x0800a4a4   0x0800a4a4   0x0000001c   Code   RO         1271    .text               c_w.l(_chval.o)
    0x0800a4c0   0x0800a4c0   0x000004f8   Code   RO         1273    .text               c_w.l(scanf_fp.o)
    0x0800a9b8   0x0800a9b8   0x0000002c   Code   RO         1275    .text               c_w.l(scanf_char.o)
    0x0800a9e4   0x0800a9e4   0x00000040   Code   RO         1277    .text               c_w.l(_sgetc.o)
    0x0800aa24   0x0800aa24   0x000000a4   Code   RO         1279    .text               c_w.l(strtod.o)
    0x0800aac8   0x0800aac8   0x00000008   Code   RO         1380    .text               c_w.l(libspace.o)
    0x0800aad0   0x0800aad0   0x00000008   Code   RO         1401    .text               c_w.l(rt_locale_intlibspace.o)
    0x0800aad8   0x0800aad8   0x00000008   Code   RO         1406    .text               c_w.l(rt_errno_addr_intlibspace.o)
    0x0800aae0   0x0800aae0   0x00000034   Code   RO         1412    .text               c_w.l(h1_extend.o)
    0x0800ab14   0x0800ab14   0x0000008a   Code   RO         1416    .text               c_w.l(lludiv10.o)
    0x0800ab9e   0x0800ab9e   0x00000012   Code   RO         1418    .text               c_w.l(isspace.o)
    0x0800abb0   0x0800abb0   0x000002fc   Code   RO         1420    .text               c_w.l(_printf_fp_hex.o)
    0x0800aeac   0x0800aeac   0x00000080   Code   RO         1423    .text               c_w.l(_printf_fp_infnan.o)
    0x0800af2c   0x0800af2c   0x0000002c   Code   RO         1427    .text               c_w.l(_printf_wchar.o)
    0x0800af58   0x0800af58   0x00000374   Code   RO         1429    .text               c_w.l(_scanf.o)
    0x0800b2cc   0x0800b2cc   0x000000e4   Code   RO         1431    .text               c_w.l(bigflt0.o)
    0x0800b3b0   0x0800b3b0   0x00000040   Code   RO         1456    .text               c_w.l(_wcrtomb.o)
    0x0800b3f0   0x0800b3f0   0x0000000e   Code   RO         1464    .text               c_w.l(defsig_rtmem_outer.o)
    0x0800b3fe   0x0800b3fe   0x00000002   Code   RO         1499    .text               c_w.l(use_no_semi.o)
    0x0800b400   0x0800b400   0x00000000   Code   RO         1501    .text               c_w.l(indicate_semi.o)
    0x0800b400   0x0800b400   0x0000004a   Code   RO         1502    .text               c_w.l(sys_stackheap_outer.o)
    0x0800b44a   0x0800b44a   0x00000002   PAD
    0x0800b44c   0x0800b44c   0x00000320   Code   RO         1508    .text               c_w.l(scanf_hexfp.o)
    0x0800b76c   0x0800b76c   0x00000134   Code   RO         1510    .text               c_w.l(scanf_infnan.o)
    0x0800b8a0   0x0800b8a0   0x00000012   Code   RO         1512    .text               c_w.l(exit.o)
    0x0800b8b2   0x0800b8b2   0x0000000a   Code   RO         1514    .text               c_w.l(defsig_exit.o)
    0x0800b8bc   0x0800b8bc   0x00000050   Code   RO         1516    .text               c_w.l(defsig_rtmem_inner.o)
    0x0800b90c   0x0800b90c   0x0000000c   Code   RO         1536    .text               c_w.l(sys_exit.o)
    0x0800b918   0x0800b918   0x00000026   Code   RO         1544    .text               c_w.l(llshl.o)
    0x0800b93e   0x0800b93e   0x00000032   Code   RO         1548    .text               c_w.l(defsig_general.o)
    0x0800b970   0x0800b970   0x0000000e   Code   RO         1580    .text               c_w.l(sys_wrch.o)
    0x0800b97e   0x0800b97e   0x0000003e   Code   RO         1434    CL$$btod_d2e        c_w.l(btod.o)
    0x0800b9bc   0x0800b9bc   0x00000046   Code   RO         1436    CL$$btod_d2e_denorm_low  c_w.l(btod.o)
    0x0800ba02   0x0800ba02   0x00000060   Code   RO         1435    CL$$btod_d2e_norm_op1  c_w.l(btod.o)
    0x0800ba62   0x0800ba62   0x00000338   Code   RO         1444    CL$$btod_div_common  c_w.l(btod.o)
    0x0800bd9a   0x0800bd9a   0x00000002   PAD
    0x0800bd9c   0x0800bd9c   0x00000084   Code   RO         1442    CL$$btod_e2d        c_w.l(btod.o)
    0x0800be20   0x0800be20   0x000000dc   Code   RO         1441    CL$$btod_e2e        c_w.l(btod.o)
    0x0800befc   0x0800befc   0x0000002a   Code   RO         1438    CL$$btod_ediv       c_w.l(btod.o)
    0x0800bf26   0x0800bf26   0x0000002a   Code   RO         1440    CL$$btod_edivd      c_w.l(btod.o)
    0x0800bf50   0x0800bf50   0x0000002a   Code   RO         1437    CL$$btod_emul       c_w.l(btod.o)
    0x0800bf7a   0x0800bf7a   0x0000002a   Code   RO         1439    CL$$btod_emuld      c_w.l(btod.o)
    0x0800bfa4   0x0800bfa4   0x00000244   Code   RO         1443    CL$$btod_mult_common  c_w.l(btod.o)
    0x0800c1e8   0x0800c1e8   0x00000028   Code   RO         1365    i.__ARM_fpclassify  m_ws.l(fpclassify.o)
    0x0800c210   0x0800c210   0x000000aa   Code   RO         1367    i.__kernel_poly     m_ws.l(poly.o)
    0x0800c2ba   0x0800c2ba   0x00000002   PAD
    0x0800c2bc   0x0800c2bc   0x00000010   Code   RO         1351    i.__mathlib_dbl_divzero  m_ws.l(dunder.o)
    0x0800c2cc   0x0800c2cc   0x00000004   Code   RO         1353    i.__mathlib_dbl_infnan2  m_ws.l(dunder.o)
    0x0800c2d0   0x0800c2d0   0x0000000c   Code   RO         1354    i.__mathlib_dbl_invalid  m_ws.l(dunder.o)
    0x0800c2dc   0x0800c2dc   0x0000000e   Code   RO         1355    i.__mathlib_dbl_overflow  m_ws.l(dunder.o)
    0x0800c2ea   0x0800c2ea   0x00000002   PAD
    0x0800c2ec   0x0800c2ec   0x00000010   Code   RO         1357    i.__mathlib_dbl_underflow  m_ws.l(dunder.o)
    0x0800c2fc   0x0800c2fc   0x00000010   Code   RO         1493    i.__mathlib_narrow  m_ws.l(narrow.o)
    0x0800c30c   0x0800c30c   0x000000bc   Code   RO         1494    i.__mathlib_tofloat  m_ws.l(narrow.o)
    0x0800c3c8   0x0800c3c8   0x00000016   Code   RO         1569    i.__support_ldexp   m_ws.l(ldexp.o)
    0x0800c3de   0x0800c3de   0x0000000e   Code   RO         1064    i._is_digit         c_w.l(__printf_wp.o)
    0x0800c3ec   0x0800c3ec   0x00000058   Code   RO         1533    i.frexp             m_ws.l(frexp.o)
    0x0800c444   0x0800c444   0x00000074   Code   RO         1570    i.ldexp             m_ws.l(ldexp.o)
    0x0800c4b8   0x0800c4b8   0x000009d8   Code   RO         1180    i.pow               m_ws.l(pow.o)
    0x0800ce90   0x0800ce90   0x00000094   Code   RO         1189    i.round             m_ws.l(round.o)
    0x0800cf24   0x0800cf24   0x0000004c   Code   RO         1371    i.sqrt              m_ws.l(sqrt.o)
    0x0800cf70   0x0800cf70   0x0000001c   Code   RO         1192    i.strtod            m_ws.l(strtod.o)
    0x0800cf8c   0x0800cf8c   0x0000002c   Code   RO         1459    locale$$code        c_w.l(lc_ctype_c.o)
    0x0800cfb8   0x0800cfb8   0x0000002c   Code   RO         1462    locale$$code        c_w.l(lc_numeric_c.o)
    0x0800cfe4   0x0800cfe4   0x00000062   Code   RO         1117    x$fpl$d2f           fz_ws.l(d2f.o)
    0x0800d046   0x0800d046   0x00000002   PAD
    0x0800d048   0x0800d048   0x00000150   Code   RO         1119    x$fpl$dadd          fz_ws.l(daddsub_clz.o)
    0x0800d198   0x0800d198   0x00000010   Code   RO         1473    x$fpl$dcheck1       fz_ws.l(dcheck1.o)
    0x0800d1a8   0x0800d1a8   0x00000018   Code   RO         1328    x$fpl$dcmpinf       fz_ws.l(dcmpi.o)
    0x0800d1c0   0x0800d1c0   0x000002b0   Code   RO         1126    x$fpl$ddiv          fz_ws.l(ddiv.o)
    0x0800d470   0x0800d470   0x00000078   Code   RO         1528    x$fpl$deqf          fz_ws.l(deqf.o)
    0x0800d4e8   0x0800d4e8   0x0000005e   Code   RO         1129    x$fpl$dfix          fz_ws.l(dfix.o)
    0x0800d546   0x0800d546   0x00000002   PAD
    0x0800d548   0x0800d548   0x0000005a   Code   RO         1133    x$fpl$dfixu         fz_ws.l(dfixu.o)
    0x0800d5a2   0x0800d5a2   0x0000002e   Code   RO         1138    x$fpl$dflt          fz_ws.l(dflt_clz.o)
    0x0800d5d0   0x0800d5d0   0x00000026   Code   RO         1137    x$fpl$dfltu         fz_ws.l(dflt_clz.o)
    0x0800d5f6   0x0800d5f6   0x00000002   PAD
    0x0800d5f8   0x0800d5f8   0x00000078   Code   RO         1143    x$fpl$dleqf         fz_ws.l(dleqf.o)
    0x0800d670   0x0800d670   0x00000154   Code   RO         1145    x$fpl$dmul          fz_ws.l(dmul.o)
    0x0800d7c4   0x0800d7c4   0x0000009c   Code   RO         1330    x$fpl$dnaninf       fz_ws.l(dnaninf.o)
    0x0800d860   0x0800d860   0x0000000c   Code   RO         1332    x$fpl$dretinf       fz_ws.l(dretinf.o)
    0x0800d86c   0x0800d86c   0x0000006c   Code   RO         1147    x$fpl$drleqf        fz_ws.l(drleqf.o)
    0x0800d8d8   0x0800d8d8   0x000000b4   Code   RO         1334    x$fpl$drnd          fz_ws.l(drnd.o)
    0x0800d98c   0x0800d98c   0x00000016   Code   RO         1120    x$fpl$drsb          fz_ws.l(daddsub_clz.o)
    0x0800d9a2   0x0800d9a2   0x00000002   PAD
    0x0800d9a4   0x0800d9a4   0x000001cc   Code   RO         1475    x$fpl$dsqrt         fz_ws.l(dsqrt_noumaal.o)
    0x0800db70   0x0800db70   0x000001d4   Code   RO         1121    x$fpl$dsub          fz_ws.l(daddsub_clz.o)
    0x0800dd44   0x0800dd44   0x00000056   Code   RO         1149    x$fpl$f2d           fz_ws.l(f2d.o)
    0x0800dd9a   0x0800dd9a   0x00000002   PAD
    0x0800dd9c   0x0800dd9c   0x000000c4   Code   RO         1151    x$fpl$fadd          fz_ws.l(faddsub_clz.o)
    0x0800de60   0x0800de60   0x00000018   Code   RO         1477    x$fpl$fcmpinf       fz_ws.l(fcmpi.o)
    0x0800de78   0x0800de78   0x00000184   Code   RO         1158    x$fpl$fdiv          fz_ws.l(fdiv.o)
    0x0800dffc   0x0800dffc   0x0000003e   Code   RO         1161    x$fpl$ffixu         fz_ws.l(ffixu.o)
    0x0800e03a   0x0800e03a   0x00000002   PAD
    0x0800e03c   0x0800e03c   0x00000026   Code   RO         1165    x$fpl$ffltu         fz_ws.l(fflt_clz.o)
    0x0800e062   0x0800e062   0x00000002   PAD
    0x0800e064   0x0800e064   0x00000068   Code   RO         1336    x$fpl$fleqf         fz_ws.l(fleqf.o)
    0x0800e0cc   0x0800e0cc   0x00000102   Code   RO         1171    x$fpl$fmul          fz_ws.l(fmul.o)
    0x0800e1ce   0x0800e1ce   0x0000008c   Code   RO         1338    x$fpl$fnaninf       fz_ws.l(fnaninf.o)
    0x0800e25a   0x0800e25a   0x0000000a   Code   RO         1340    x$fpl$fretinf       fz_ws.l(fretinf.o)
    0x0800e264   0x0800e264   0x00000062   Code   RO         1173    x$fpl$frleqf        fz_ws.l(frleqf.o)
    0x0800e2c6   0x0800e2c6   0x00000002   PAD
    0x0800e2c8   0x0800e2c8   0x000000ea   Code   RO         1153    x$fpl$fsub          fz_ws.l(faddsub_clz.o)
    0x0800e3b2   0x0800e3b2   0x00000006   Code   RO         1485    x$fpl$ieeestatus    fz_ws.l(istatus.o)
    0x0800e3b8   0x0800e3b8   0x00000004   Code   RO         1175    x$fpl$printf1       fz_ws.l(printf1.o)
    0x0800e3bc   0x0800e3bc   0x00000004   Code   RO         1342    x$fpl$printf2       fz_ws.l(printf2.o)
    0x0800e3c0   0x0800e3c0   0x00000064   Code   RO         1530    x$fpl$retnan        fz_ws.l(retnan.o)
    0x0800e424   0x0800e424   0x0000005c   Code   RO         1348    x$fpl$scalbn        fz_ws.l(scalbn.o)
    0x0800e480   0x0800e480   0x00000004   Code   RO         1177    x$fpl$scanf1        fz_ws.l(scanf1.o)
    0x0800e484   0x0800e484   0x00000008   Code   RO         1487    x$fpl$scanf2        fz_ws.l(scanf2.o)
    0x0800e48c   0x0800e48c   0x00000030   Code   RO         1566    x$fpl$trapveneer    fz_ws.l(trapv.o)
    0x0800e4bc   0x0800e4bc   0x00000000   Code   RO         1350    x$fpl$usenofp       fz_ws.l(usenofp.o)
    0x0800e4bc   0x0800e4bc   0x00000b06   Data   RO          570    .constdata          oled_data.o
    0x0800efc2   0x0800efc2   0x000000c0   Data   RO          836    .constdata          base64.o
    0x0800f082   0x0800f082   0x00000028   Data   RO         1052    .constdata          c_w.l(_printf_hex_int_ll_ptr.o)
    0x0800f0aa   0x0800f0aa   0x00000011   Data   RO         1072    .constdata          c_w.l(__printf_flags_ss_wp.o)
    0x0800f0bb   0x0800f0bb   0x00000005   PAD
    0x0800f0c0   0x0800f0c0   0x00000088   Data   RO         1181    .constdata          m_ws.l(pow.o)
    0x0800f148   0x0800f148   0x00000008   Data   RO         1244    .constdata          c_w.l(_printf_wctomb.o)
    0x0800f150   0x0800f150   0x00000008   Data   RO         1369    .constdata          m_ws.l(qnan.o)
    0x0800f158   0x0800f158   0x00000026   Data   RO         1421    .constdata          c_w.l(_printf_fp_hex.o)
    0x0800f17e   0x0800f17e   0x00000002   PAD
    0x0800f180   0x0800f180   0x00000094   Data   RO         1432    .constdata          c_w.l(bigflt0.o)
    0x0800f214   0x0800f214   0x00000123   Data   RO          747    .conststring        onenet.o
    0x0800f337   0x0800f337   0x00000001   PAD
    0x0800f338   0x0800f338   0x00000020   Data   RO         1610    Region$$Table       anon$$obj.o
    0x0800f358   0x0800f358   0x00000008   Data   RO         1479    c$$dinf             fz_ws.l(fpconst.o)
    0x0800f360   0x0800f360   0x00000008   Data   RO         1482    c$$dmax             fz_ws.l(fpconst.o)
    0x0800f368   0x0800f368   0x00000110   Data   RO         1458    locale$$data        c_w.l(lc_ctype_c.o)
    0x0800f478   0x0800f478   0x0000001c   Data   RO         1461    locale$$data        c_w.l(lc_numeric_c.o)


    Execution Region RW_IRAM1 (Exec base: 0x20000000, Load base: 0x0800f494, Size: 0x000011a8, Max: 0x00005000, ABSOLUTE)

    Exec Addr    Load Addr    Size         Type   Attr      Idx    E Section Name        Object

    0x20000000   0x0800f494   0x00000014   Data   RW          120    .data               system_stm32f10x.o
    0x20000014   0x0800f4a8   0x00000014   Data   RW          255    .data               stm32f10x_rcc.o
    0x20000028   0x0800f4bc   0x00000004   Data   RW          269    .data               delay.o
    0x2000002c   0x0800f4c0   0x00000001   Data   RW          309    .data               led.o
    0x2000002d   0x0800f4c1   0x00000001   PAD
    0x2000002e   0x0800f4c2   0x00000004   Data   RW          424    .data               buzzer.o
    0x20000032   0x0800f4c6   0x00000001   Data   RW          454    .data               servo.o
    0x20000033   0x0800f4c7   0x00000002   Data   RW          487    .data               motor.o
    0x20000035   0x0800f4c9   0x00000001   Data   RW          505    .data               lightsensor.o
    0x20000036   0x0800f4ca   0x00000002   PAD
    0x20000038   0x0800f4cc   0x00000050   Data   RW          538    .data               key1.o
    0x20000088   0x0800f51c   0x00000028   Data   RW          584    .data               main.o
    0x200000b0   0x0800f544   0x00000002   Data   RW          748    .data               onenet.o
    0x200000b2   0x0800f546   0x00000004   Data   RW          886    .data               esp8266.o
    0x200000b6   0x0800f54a   0x00000002   PAD
    0x200000b8   0x0800f54c   0x00000014   Data   RW          906    .data               cjson.o
    0x200000cc        -       0x00000400   Zero   RW          380    .bss                oled.o
    0x200004cc        -       0x00000028   Zero   RW          583    .bss                main.o
    0x200004f4        -       0x00000040   Zero   RW          746    .bss                onenet.o
    0x20000534        -       0x00000200   Zero   RW          885    .bss                esp8266.o
    0x20000734        -       0x0000000f   Zero   RW          905    .bss                cjson.o
    0x20000743   0x0800f560   0x00000001   PAD
    0x20000744        -       0x00000060   Zero   RW         1381    .bss                c_w.l(libspace.o)
    0x200007a4   0x0800f560   0x00000004   PAD
    0x200007a8        -       0x00000200   Zero   RW          138    HEAP                startup_stm32f10x_md.o
    0x200009a8        -       0x00000800   Zero   RW          137    STACK               startup_stm32f10x_md.o


==============================================================================

Image component sizes


      Code (inc. data)   RO Data    RW Data    ZI Data      Debug   Object Name

       156          4          0          0          0        817   adcx.o
       688          8        192          0          0       3142   base64.o
       380         14          0          4          0       2350   buzzer.o
      8800        174          0         20         15      46495   cjson.o
         0          0          0          0          0       4532   core_cm3.o
       244         10          0          4          0       1456   delay.o
       416          4          0          0          0       2114   dht11.o
       816        268          0          4        512       2995   esp8266.o
      1158         28          0          0          0       3208   hmac_sha1.o
       172          8          0          0          0        724   key.o
       436         16          0         80          0       2415   key1.o
       108          8          0          1          0       1262   led.o
        68          8          0          1          0       1242   lightsensor.o
      2100        512          0         40         40     221546   main.o
      1984          4          0          0          0       6201   mfrc522.o
       220         22          0          0          0       1733   misc.o
       272         12          0          2          0       1807   motor.o
       336         32          0          0          0       1172   mq2.o
      3592         72          0          0          0      15223   mqttkit.o
      1716         28          0          0       1024       7266   oled.o
         0          0       2822          0          0       1114   oled_data.o
      3200       1284        291          2         64       9457   onenet.o
       364         12          0          0          0       1478   pwm.o
       112         20          0          1          0       1364   servo.o
        64         26        236          0       2560        792   startup_stm32f10x_md.o
      1102         26          0          0          0      10969   stm32f10x_adc.o
       284         10          0          0          0     216687   stm32f10x_exti.o
       860         38          0          0          0       5665   stm32f10x_gpio.o
       308        250          0          0          0      44695   stm32f10x_it.o
       932         36          0         20          0       8824   stm32f10x_rcc.o
      3610         88          0          0          0      22772   stm32f10x_tim.o
      1032         22          0          0          0       8388   stm32f10x_usart.o
       480         38          0         20          0       1755   system_stm32f10x.o
       488         14          0          0          0       3281   usart.o

    ----------------------------------------------------------------------
     36504       3096       3574        204       4216     664941   Object Totals
         0          0         32          0          0          0   (incl. Generated)
         6          0          1          5          1          0   (incl. Padding)

    ----------------------------------------------------------------------

      Code (inc. data)   RO Data    RW Data    ZI Data      Debug   Library Member Name

        60          8          0          0          0         84   __0sscanf.o
        56          6          0          0          0         88   __2snprintf.o
        44          6          0          0          0         84   __2sprintf.o
         8          0          0          0          0         68   __main.o
       392          4         17          0          0         92   __printf_flags_ss_wp.o
        14          0          0          0          0         68   __printf_wp.o
         0          0          0          0          0          0   __rtentry.o
        12          0          0          0          0          0   __rtentry2.o
         6          0          0          0          0          0   __rtentry4.o
        52          8          0          0          0          0   __scatter.o
        26          0          0          0          0          0   __scatter_copy.o
        28          0          0          0          0          0   __scatter_zi.o
        28          0          0          0          0         68   _chval.o
         6          0          0          0          0          0   _printf_a.o
         6          0          0          0          0          0   _printf_c.o
        44          0          0          0          0        108   _printf_char.o
        48          6          0          0          0         96   _printf_char_common.o
        40          0          0          0          0         68   _printf_charcount.o
         6          0          0          0          0          0   _printf_d.o
       120         16          0          0          0         92   _printf_dec.o
         6          0          0          0          0          0   _printf_e.o
         6          0          0          0          0          0   _printf_f.o
      1054          0          0          0          0        216   _printf_fp_dec.o
       764          8         38          0          0        100   _printf_fp_hex.o
       128         16          0          0          0         84   _printf_fp_infnan.o
         6          0          0          0          0          0   _printf_g.o
       148          4         40          0          0        160   _printf_hex_int_ll_ptr.o
         6          0          0          0          0          0   _printf_i.o
       178          0          0          0          0         88   _printf_intcommon.o
        10          0          0          0          0          0   _printf_l.o
         6          0          0          0          0          0   _printf_lc.o
        10          0          0          0          0          0   _printf_ll.o
         6          0          0          0          0          0   _printf_lld.o
         6          0          0          0          0          0   _printf_lli.o
         6          0          0          0          0          0   _printf_llo.o
         6          0          0          0          0          0   _printf_llu.o
         6          0          0          0          0          0   _printf_llx.o
       124         16          0          0          0         92   _printf_longlong_dec.o
         6          0          0          0          0          0   _printf_ls.o
         6          0          0          0          0          0   _printf_n.o
         6          0          0          0          0          0   _printf_o.o
       112         10          0          0          0        124   _printf_oct_int_ll.o
         6          0          0          0          0          0   _printf_p.o
        78          0          0          0          0        108   _printf_pad.o
         0          0          0          0          0          0   _printf_percent.o
         4          0          0          0          0          0   _printf_percent_end.o
         6          0          0          0          0          0   _printf_s.o
        82          0          0          0          0         80   _printf_str.o
        36          0          0          0          0         84   _printf_truncate.o
         6          0          0          0          0          0   _printf_u.o
        44          0          0          0          0        108   _printf_wchar.o
       188          6          8          0          0         92   _printf_wctomb.o
         6          0          0          0          0          0   _printf_x.o
        22          0          0          0          0        100   _rserrno.o
       884          6          0          0          0        100   _scanf.o
       332          0          0          0          0         96   _scanf_int.o
       224          0          0          0          0         96   _scanf_str.o
        64          0          0          0          0         84   _sgetc.o
        16          0          0          0          0         68   _snputc.o
        10          0          0          0          0         68   _sputc.o
        64          0          0          0          0         92   _wcrtomb.o
       228          4        148          0          0         96   bigflt0.o
      2152        136          0          0          0        960   btod.o
        10          0          0          0          0         68   defsig_exit.o
        50          0          0          0          0         88   defsig_general.o
        80         58          0          0          0         76   defsig_rtmem_inner.o
        14          0          0          0          0         80   defsig_rtmem_outer.o
        18          0          0          0          0         80   exit.o
        94          0          0          0          0         80   h1_alloc.o
        52          0          0          0          0         68   h1_extend.o
        78          0          0          0          0         80   h1_free.o
        14          0          0          0          0         84   h1_init.o
       184          0          0          0          0         92   h1_realloc.o
         6          0          0          0          0        152   heapauxi.o
         4          0          0          0          0        136   hguard.o
         0          0          0          0          0          0   indicate_semi.o
       138          0          0          0          0        168   init_alloc.o
        18          0          0          0          0         76   isspace.o
        44         10        272          0          0         76   lc_ctype_c.o
        44         10         28          0          0         76   lc_numeric_c.o
         2          0          0          0          0          0   libinit.o
        38          0          0          0          0          0   libinit2.o
         2          0          0          0          0          0   libshutdown.o
         2          0          0          0          0          0   libshutdown2.o
         8          4          0          0         96         68   libspace.o
        38          0          0          0          0         68   llshl.o
       138          0          0          0          0         80   lludiv10.o
         0          0          0          0          0          0   maybetermalloc1.o
        88          0          0          0          0         76   memcmp.o
        16          4          0          0          0         76   rt_ctype_table.o
         8          4          0          0          0         68   rt_errno_addr_intlibspace.o
         8          4          0          0          0         68   rt_heap_descriptor_intlibspace.o
         8          4          0          0          0         68   rt_locale_intlibspace.o
        68          0          0          0          0         68   rt_memclr.o
        78          0          0          0          0         80   rt_memclr_w.o
       138          0          0          0          0         68   rt_memcpy_v6.o
       100          0          0          0          0         80   rt_memcpy_w.o
         2          0          0          0          0          0   rtexit.o
        10          0          0          0          0          0   rtexit2.o
        44          8          0          0          0         84   scanf_char.o
      1272         16          0          0          0        168   scanf_fp.o
       800         14          0          0          0        100   scanf_hexfp.o
       308         16          0          0          0        100   scanf_infnan.o
        24          0          0          0          0         68   strcat.o
        20          0          0          0          0         68   strchr.o
       128          0          0          0          0         68   strcmpv7m.o
        72          0          0          0          0         80   strcpy.o
        62          0          0          0          0         76   strlen.o
        36          0          0          0          0         76   strncat.o
       150          0          0          0          0         80   strncmp.o
        36          0          0          0          0         80   strstr.o
       164         14          0          0          0        120   strtod.o
        12          4          0          0          0         68   sys_exit.o
        74          0          0          0          0         80   sys_stackheap_outer.o
        14          0          0          0          0         76   sys_wrch.o
        26          0          0          0          0         76   tolower.o
         2          0          0          0          0         68   use_no_semi.o
        52          4          0          0          0         80   vsnprintf.o
        36          4          0          0          0         76   vsprintf.o
        98          4          0          0          0         92   d2f.o
       826         16          0          0          0        348   daddsub_clz.o
        16          4          0          0          0         68   dcheck1.o
        24          0          0          0          0         68   dcmpi.o
       688        140          0          0          0        208   ddiv.o
       120          4          0          0          0         92   deqf.o
        94          4          0          0          0         92   dfix.o
        90          4          0          0          0         92   dfixu.o
        84          0          0          0          0        136   dflt_clz.o
       120          4          0          0          0         92   dleqf.o
       340         12          0          0          0        104   dmul.o
       156          4          0          0          0         92   dnaninf.o
        12          0          0          0          0         68   dretinf.o
       108          0          0          0          0         80   drleqf.o
       180          4          0          0          0         80   drnd.o
       460         56          0          0          0        120   dsqrt_noumaal.o
        86          4          0          0          0         84   f2d.o
       430          8          0          0          0        168   faddsub_clz.o
        24          0          0          0          0         68   fcmpi.o
       388         76          0          0          0         96   fdiv.o
        62          4          0          0          0         84   ffixu.o
        38          0          0          0          0         68   fflt_clz.o
       104          4          0          0          0         84   fleqf.o
       258          4          0          0          0         84   fmul.o
       140          4          0          0          0         84   fnaninf.o
         0          0         16          0          0          0   fpconst.o
        10          0          0          0          0         68   fretinf.o
        98          0          0          0          0         68   frleqf.o
         6          0          0          0          0         68   istatus.o
         4          0          0          0          0         68   printf1.o
         4          0          0          0          0         68   printf2.o
       100          0          0          0          0         68   retnan.o
        92          0          0          0          0         68   scalbn.o
         4          0          0          0          0         68   scanf1.o
         8          0          0          0          0         84   scanf2.o
        48          0          0          0          0         68   trapv.o
         0          0          0          0          0          0   usenofp.o
        62         10          0          0          0        340   dunder.o
        40          0          0          0          0         68   fpclassify.o
        88          8          0          0          0         76   frexp.o
       138          0          0          0          0        160   ldexp.o
       204          4          0          0          0        168   narrow.o
       170          0          0          0          0         96   poly.o
      2520        190        136          0          0        324   pow.o
         0          0          8          0          0          0   qnan.o
       148         12          0          0          0         88   round.o
        76          0          0          0          0         84   sqrt.o
        28          0          0          0          0         80   strtod.o

    ----------------------------------------------------------------------
     21816       1024        718          0        100      12884   Library Totals
        36          2          7          0          4          0   (incl. Padding)

    ----------------------------------------------------------------------

      Code (inc. data)   RO Data    RW Data    ZI Data      Debug   Library Name

     12986        438        551          0         96       8052   c_w.l
      5320        360         16          0          0       3348   fz_ws.l
      3474        224        144          0          0       1484   m_ws.l

    ----------------------------------------------------------------------
     21816       1024        718          0        100      12884   Library Totals

    ----------------------------------------------------------------------

==============================================================================


      Code (inc. data)   RO Data    RW Data    ZI Data      Debug   

     58320       4120       4292        204       4316     667629   Grand Totals
     58320       4120       4292        204       4316     667629   ELF Image Totals
     58320       4120       4292        204          0          0   ROM Totals

==============================================================================

    Total RO  Size (Code + RO Data)                62612 (  61.14kB)
    Total RW  Size (RW Data + ZI Data)              4520 (   4.41kB)
    Total ROM Size (Code + RO Data + RW Data)      62816 (  61.34kB)

==============================================================================

